 windhawk

 Timestamp is 69baedff (Wed Mar 18 18:25:03 2026)

 Preferred load address is 10000000

 Start         Length     Name                   Class
 0001:00000000 000001c0H .text                   CODE
 0001:000001c0 00000270H .text$di                CODE
 0001:00000430 0004e6d0H .text$mn                CODE
 0001:0004eb00 00003b90H .text$x                 CODE
 0001:00052690 000001e9H .text$yd                CODE
 0002:00000000 00000d08H .text64                 CODE
 0003:00000000 00000304H .idata$5                DATA
 0003:00000304 00000008H .00cfg                  DATA
 0003:0000030c 00000004H .CRT$XCA                DATA
 0003:00000310 00000020H .CRT$XCU                DATA
 0003:00000330 00000004H .CRT$XCZ                DATA
 0003:00000334 00000004H .CRT$XIA                DATA
 0003:00000338 00000010H .CRT$XIC                DATA
 0003:00000348 00000004H .CRT$XIZ                DATA
 0003:0000034c 00000004H .CRT$XLA                DATA
 0003:00000350 00000004H .CRT$XLZ                DATA
 0003:00000354 00000004H .CRT$XPA                DATA
 0003:00000358 00000008H .CRT$XPX                DATA
 0003:00000360 00000004H .CRT$XPXA               DATA
 0003:00000364 00000004H .CRT$XPZ                DATA
 0003:00000368 00000004H .CRT$XTA                DATA
 0003:0000036c 00000014H .CRT$XTZ                DATA
 0003:00000370 00000000H .gfids$y                DATA
 0003:00000370 00000000H .giats$y                DATA
 0003:00000380 00082140H .rdata                  DATA
 0003:000824c0 00000000H .rdata$CastGuardVftablesA DATA
 0003:000824c0 00000000H .rdata$CastGuardVftablesC DATA
 0003:000824c0 00000018H .rdata$T                DATA
 0003:000824d8 00001084H .rdata$r                DATA
 0003:0008355c 00000330H .rdata$sxdata           DATA
 0003:0008388c 000000e0H .rdata$voltmd           DATA
 0003:0008396c 000003a4H .rdata$zzzdbg           DATA
 0003:00083d10 00000004H .rtc$IAA                DATA
 0003:00083d14 00000004H .rtc$IZZ                DATA
 0003:00083d18 00000004H .rtc$TAA                DATA
 0003:00083d1c 00000004H .rtc$TZZ                DATA
 0003:00083d20 00000004H .tls                    DATA
 0003:00083d24 00000004H .tls$                   DATA
 0003:00083d28 00000008H .tls$ZZZ                DATA
 0003:00083d30 000040c0H .xdata$x                DATA
 0003:00087df0 0000047cH .edata                  DATA
 0003:0008826c 0000003cH .idata$2                DATA
 0003:000882a8 00000014H .idata$3                DATA
 0003:000882bc 00000304H .idata$4                DATA
 0003:000885c0 00000f18H .idata$6                DATA
 0004:00000000 000009d0H .data                   DATA
 0004:000009d0 00000500H .data$r                 DATA
 0004:00000ed0 00000e90H .data$rs                DATA
 0004:00001d60 0000115cH .bss                    DATA
 0005:00000000 00000080H .fptable                DATA
 0006:00000000 00000060H .rsrc$01                DATA
 0006:00000060 00000238H .rsrc$02                DATA

  Address         Publics by Value              Rva+Base       Lib:Object

 0000:00000000       ___AbsoluteZero            00000000     <absolute>
 0000:00000000       ___arm64x_extra_rfe_table  00000000     <absolute>
 0000:00000000       ___arm64x_extra_rfe_table_size 00000000     <absolute>
 0000:00000000       ___arm64x_native_entrypoint 00000000     <absolute>
 0000:00000000       ___arm64x_redirection_metadata 00000000     <absolute>
 0000:00000000       ___arm64x_redirection_metadata_count 00000000     <absolute>
 0000:00000000       ___dynamic_value_reloc_table 00000000     <absolute>
 0000:00000000       ___enclave_config          00000000     <absolute>
 0000:00000000       ___guard_check_icall_a64n_fptr 00000000     <absolute>
 0000:00000000       ___guard_eh_cont_count     00000000     <absolute>
 0000:00000000       ___guard_eh_cont_table     00000000     <absolute>
 0000:00000000       ___guard_fids_count        00000000     <absolute>
 0000:00000000       ___guard_fids_table        00000000     <absolute>
 0000:00000000       ___guard_iat_count         00000000     <absolute>
 0000:00000000       ___guard_iat_table         00000000     <absolute>
 0000:00000000       ___guard_longjmp_count     00000000     <absolute>
 0000:00000000       ___guard_longjmp_table     00000000     <absolute>
 0000:00000000       ___hybrid_auxiliary_delayload_iat 00000000     <absolute>
 0000:00000000       ___hybrid_auxiliary_delayload_iat_copy 00000000     <absolute>
 0000:00000000       ___hybrid_auxiliary_iat    00000000     <absolute>
 0000:00000000       ___hybrid_auxiliary_iat_copy 00000000     <absolute>
 0000:00000000       ___hybrid_code_map         00000000     <absolute>
 0000:00000000       ___hybrid_code_map_count   00000000     <absolute>
 0000:00000000       ___hybrid_image_info_bitfield 00000000     <absolute>
 0000:00000000       ___x64_code_ranges_to_entry_points 00000000     <absolute>
 0000:00000000       ___x64_code_ranges_to_entry_points_count 00000000     <absolute>
 0000:00000000       __except_list              00000000     <absolute>
 0000:0000002c       __tls_array                0000002c     <absolute>
 0000:000000cc       ___safe_se_handler_count   000000cc     <absolute>
 0000:00000100       ___guard_flags             00000100     <absolute>
 0000:00000000       ___ImageBase               10000000     <linker-defined>
 0001:00000430       ??C?$unique_ptr@VPortableSettings@@U?$default_delete@VPortableSettings@@@std@@@std@@QBEPAVPortableSettings@@XZ 10001430 f   all_processes_injector.obj
 0001:00000430       ?GetVerbosity@LoggerBase@@QAE?AW4Verbosity@1@XZ 10001430 f   logger_base.obj
 0001:00000440       ?LogLine@LoggerBase@@QAAXPB_WZZ 10001440 f   logger_base.obj
 0001:00000500       ___local_stdio_printf_options 10001500 f i logger_base.obj
 0001:00000780       ?next@EnumIteratorRegistryInt@@UAEXXZ 10001780 f i portable_settings.obj
 0001:000008d0       ?clone@EnumIteratorRegistryInt@@UBE?AV?$unique_ptr@V?$EnumIteratorImpl@H@@U?$default_delete@V?$EnumIteratorImpl@H@@@std@@@std@@XZ 100018d0 f i portable_settings.obj
 0001:00000980       ??_E?$EnumIteratorRegistryBase@H@@UAEPAXI@Z 10001980 f i * CIL library *:* CIL module *
 0001:00000980       ??_EEnumIteratorRegistryInt@@UAEPAXI@Z 10001980 f i * CIL library *:* CIL module *
 0001:00000980       ??_G?$EnumIteratorRegistryBase@H@@UAEPAXI@Z 10001980 f i portable_settings.obj
 0001:00000980       ??_GEnumIteratorRegistryInt@@UAEPAXI@Z 10001980 f i portable_settings.obj
 0001:000009b0       ??1?$EnumIteratorImpl@H@@UAE@XZ 100019b0 f i portable_settings.obj
 0001:000009b0       ??1?$EnumIteratorRegistryBase@H@@UAE@XZ 100019b0 f i portable_settings.obj
 0001:000009c0       ??1?$optional@V?$tuple@V?$basic_string@_WU?$char_traits@_W@std@@V?$allocator@_W@2@@std@@V12@KK@std@@@std@@QAE@XZ 100019c0 f i portable_settings.obj
 0001:000009e0       ?next@EnumIteratorRegistryString@@UAEXXZ 100019e0 f i portable_settings.obj
 0001:00000af0       ?clone@EnumIteratorRegistryString@@UBE?AV?$unique_ptr@V?$EnumIteratorImpl@V?$basic_string@_WU?$char_traits@_W@std@@V?$allocator@_W@2@@std@@@@U?$default_delete@V?$EnumIteratorImpl@V?$basic_string@_WU?$char_traits@_W@std@@V?$allocator@_W@2@@std@@@@@std@@@std@@XZ 10001af0 f i portable_settings.obj
 0001:00000bb0       ??_E?$EnumIteratorRegistryBase@V?$basic_string@_WU?$char_traits@_W@std@@V?$allocator@_W@2@@std@@@@UAEPAXI@Z 10001bb0 f i * CIL library *:* CIL module *
 0001:00000bb0       ??_EEnumIteratorRegistryString@@UAEPAXI@Z 10001bb0 f i * CIL library *:* CIL module *
 0001:00000bb0       ??_G?$EnumIteratorRegistryBase@V?$basic_string@_WU?$char_traits@_W@std@@V?$allocator@_W@2@@std@@@@UAEPAXI@Z 10001bb0 f i portable_settings.obj
 0001:00000bb0       ??_GEnumIteratorRegistryString@@UAEPAXI@Z 10001bb0 f i portable_settings.obj
 0001:00000be0       ??1?$EnumIteratorImpl@V?$basic_string@_WU?$char_traits@_W@std@@V?$allocator@_W@2@@std@@@@UAE@XZ 10001be0 f i portable_settings.obj
 0001:00000be0       ??1?$EnumIteratorRegistryBase@V?$basic_string@_WU?$char_traits@_W@std@@V?$allocator@_W@2@@std@@@@UAE@XZ 10001be0 f i portable_settings.obj
 0001:00000c00       ??0RegistrySettings@@QAE@PAUHKEY__@@PB_W_N@Z 10001c00 f   portable_settings.obj
 0001:00000ca0       ??_ERegistrySettings@@UAEPAXI@Z 10001ca0 f i * CIL library *:* CIL module *
 0001:00000ca0       ??_GRegistrySettings@@UAEPAXI@Z 10001ca0 f i portable_settings.obj
 0001:00000cd0       ??1?$unique_any_t@V?$unique_storage@U?$resource_policy@PAUHKEY__@@P6GJPAU1@@Z$1?RegCloseKey@@YGJ0@ZU?$integral_constant@I$0A@@wistd@@PAU1@PAU1@$0A@$$T@details@wil@@@details@wil@@@wil@@QAE@XZ 10001cd0 f i portable_settings.obj
 0001:00000ce0       ?GetString@RegistrySettings@@UBE?AV?$optional@V?$basic_string@_WU?$char_traits@_W@std@@V?$allocator@_W@2@@std@@@std@@PB_W@Z 10001ce0 f   portable_settings.obj
 0001:00000df0       ??1?$optional@URawData@RegistrySettings@@@std@@QAE@XZ 10001df0 f i portable_settings.obj
 0001:00000e00       ??1?$optional@V?$basic_string@_WU?$char_traits@_W@std@@V?$allocator@_W@2@@std@@@std@@QAE@XZ 10001e00 f i portable_settings.obj
 0001:00000e10       ?SetString@RegistrySettings@@UAEXPB_W0@Z 10001e10 f   portable_settings.obj
 0001:00000e70       ?GetInt@RegistrySettings@@UBE?AV?$optional@H@std@@PB_W@Z 10001e70 f   portable_settings.obj
 0001:00000f40       ?SetInt@RegistrySettings@@UAEXPB_WH@Z 10001f40 f   portable_settings.obj
 0001:00000fa0       ?GetBinary@RegistrySettings@@UBE?AV?$optional@V?$vector@EV?$allocator@E@std@@@std@@@std@@PB_W@Z 10001fa0 f   portable_settings.obj
 0001:000010c0       ?SetBinary@RegistrySettings@@UAEXPB_WPBEI@Z 100020c0 f   portable_settings.obj
 0001:00001100       ?Remove@RegistrySettings@@UAEXPB_W@Z 10002100 f   portable_settings.obj
 0001:00001140       ?EnumIntValues@RegistrySettings@@UBE?AV?$EnumIterator@H@PortableSettings@@XZ 10002140 f   portable_settings.obj
 0001:00001300       ?EnumStringValues@RegistrySettings@@UBE?AV?$EnumIterator@V?$basic_string@_WU?$char_traits@_W@std@@V?$allocator@_W@2@@std@@@PortableSettings@@XZ 10002300 f   portable_settings.obj
 0001:00001480       ?GetRaw@RegistrySettings@@ABE?AV?$optional@URawData@RegistrySettings@@@std@@PB_W@Z 10002480 f   portable_settings.obj
 0001:000015e0       ??0invalid_argument@std@@QAE@ABV01@@Z 100025e0 f i portable_settings.obj
 0001:00001620       ??0logic_error@std@@QAE@ABV01@@Z 10002620 f i portable_settings.obj
 0001:00001660       ?next@EnumIteratorIniFileInt@@UAEXXZ 10002660 f i portable_settings.obj
 0001:00001850       ?clone@EnumIteratorIniFileInt@@UBE?AV?$unique_ptr@V?$EnumIteratorImpl@H@@U?$default_delete@V?$EnumIteratorImpl@H@@@std@@@std@@XZ 10002850 f i portable_settings.obj
 0001:00001910       ??_E?$EnumIteratorIniFileBase@H@@UAEPAXI@Z 10002910 f i * CIL library *:* CIL module *
 0001:00001910       ??_EEnumIteratorIniFileInt@@UAEPAXI@Z 10002910 f i * CIL library *:* CIL module *
 0001:00001910       ??_G?$EnumIteratorIniFileBase@H@@UAEPAXI@Z 10002910 f i portable_settings.obj
 0001:00001910       ??_GEnumIteratorIniFileInt@@UAEPAXI@Z 10002910 f i portable_settings.obj
 0001:00001940       ??1?$EnumIteratorIniFileBase@H@@UAE@XZ 10002940 f i portable_settings.obj
 0001:00001960       ?next@EnumIteratorIniFileString@@UAEXXZ 10002960 f i portable_settings.obj
 0001:00001b10       ?clone@EnumIteratorIniFileString@@UBE?AV?$unique_ptr@V?$EnumIteratorImpl@V?$basic_string@_WU?$char_traits@_W@std@@V?$allocator@_W@2@@std@@@@U?$default_delete@V?$EnumIteratorImpl@V?$basic_string@_WU?$char_traits@_W@std@@V?$allocator@_W@2@@std@@@@@std@@@std@@XZ 10002b10 f i portable_settings.obj
 0001:00001be0       ??_E?$EnumIteratorIniFileBase@V?$basic_string@_WU?$char_traits@_W@std@@V?$allocator@_W@2@@std@@@@UAEPAXI@Z 10002be0 f i * CIL library *:* CIL module *
 0001:00001be0       ??_EEnumIteratorIniFileString@@UAEPAXI@Z 10002be0 f i * CIL library *:* CIL module *
 0001:00001be0       ??_G?$EnumIteratorIniFileBase@V?$basic_string@_WU?$char_traits@_W@std@@V?$allocator@_W@2@@std@@@@UAEPAXI@Z 10002be0 f i portable_settings.obj
 0001:00001be0       ??_GEnumIteratorIniFileString@@UAEPAXI@Z 10002be0 f i portable_settings.obj
 0001:00001c20       ??1?$EnumIteratorIniFileBase@V?$basic_string@_WU?$char_traits@_W@std@@V?$allocator@_W@2@@std@@@@UAE@XZ 10002c20 f i portable_settings.obj
 0001:00001c40       ??0IniFileSettings@@QAE@PB_W0_N@Z 10002c40 f   portable_settings.obj
 0001:00001d60       ??_EIniFileSettings@@UAEPAXI@Z 10002d60 f i * CIL library *:* CIL module *
 0001:00001d60       ??_GIniFileSettings@@UAEPAXI@Z 10002d60 f i portable_settings.obj
 0001:00001d90       ??1IniFileSettings@@UAE@XZ 10002d90 f i portable_settings.obj
 0001:00001db0       ?GetString@IniFileSettings@@UBE?AV?$optional@V?$basic_string@_WU?$char_traits@_W@std@@V?$allocator@_W@2@@std@@@std@@PB_W@Z 10002db0 f   portable_settings.obj
 0001:00001fa0       ?SetString@IniFileSettings@@UAEXPB_W0@Z 10002fa0 f   portable_settings.obj
 0001:000021e0       ?GetInt@IniFileSettings@@UBE?AV?$optional@H@std@@PB_W@Z 100031e0 f   portable_settings.obj
 0001:000022b0       ?SetInt@IniFileSettings@@UAEXPB_WH@Z 100032b0 f   portable_settings.obj
 0001:00002320       ?GetBinary@IniFileSettings@@UBE?AV?$optional@V?$vector@EV?$allocator@E@std@@@std@@@std@@PB_W@Z 10003320 f   portable_settings.obj
 0001:00002580       ?SetBinary@IniFileSettings@@UAEXPB_WPBEI@Z 10003580 f   portable_settings.obj
 0001:00002680       ?Remove@IniFileSettings@@UAEXPB_W@Z 10003680 f   portable_settings.obj
 0001:000026e0       ?EnumIntValues@IniFileSettings@@UBE?AV?$EnumIterator@H@PortableSettings@@XZ 100036e0 f   portable_settings.obj
 0001:00002770       ?EnumStringValues@IniFileSettings@@UBE?AV?$EnumIterator@V?$basic_string@_WU?$char_traits@_W@std@@V?$allocator@_W@2@@std@@@PortableSettings@@XZ 10003770 f   portable_settings.obj
 0001:00002800       ??$assign@PBE$0A@@?$vector@EV?$allocator@E@std@@@std@@QAEXPBE0@Z 10003800 f i portable_settings.obj
 0001:00002930       ??$?4U?$pair@V?$basic_string@_WU?$char_traits@_W@std@@V?$allocator@_W@2@@std@@V12@@std@@$0A@@?$pair@V?$basic_string@_WU?$char_traits@_W@std@@V?$allocator@_W@2@@std@@V12@@std@@QAEAAU01@$$QAU01@@Z 10003930 f i portable_settings.obj
 0001:000029b0       ??$?0V?$basic_string@_WU?$char_traits@_W@std@@V?$allocator@_W@2@@std@@V01@$0A@@?$pair@V?$basic_string@_WU?$char_traits@_W@std@@V?$allocator@_W@2@@std@@V12@@std@@QAE@$$QAV?$basic_string@_WU?$char_traits@_W@std@@V?$allocator@_W@2@@1@0@Z 100039b0 f i portable_settings.obj
 0001:00002a30       ??$?0URawData@RegistrySettings@@$0A@@?$optional@URawData@RegistrySettings@@@std@@QAE@$$QAURawData@RegistrySettings@@@Z 10003a30 f i portable_settings.obj
 0001:00002a90       ??0?$EnumIteratorIniFileBase@V?$basic_string@_WU?$char_traits@_W@std@@V?$allocator@_W@2@@std@@@@QAE@PBVIniFileSettings@@@Z 10003a90 f i portable_settings.obj
 0001:00002c90       ??0?$EnumIteratorIniFileBase@H@@QAE@PBVIniFileSettings@@@Z 10003c90 f i portable_settings.obj
 0001:00002e80       ??1?$_Optional_destruct_base@V?$vector@EV?$allocator@E@std@@@std@@$0A@@std@@QAE@XZ 10003e80 f i portable_settings.obj
 0001:00002ee0       ?get_next_item_raw@?$EnumIteratorRegistryBase@V?$basic_string@_WU?$char_traits@_W@std@@V?$allocator@_W@2@@std@@@@IAE?AV?$optional@V?$tuple@V?$basic_string@_WU?$char_traits@_W@std@@V?$allocator@_W@2@@std@@V12@KK@std@@@std@@XZ 10003ee0 f i portable_settings.obj
 0001:000030a0       ?get_next_item_raw@?$EnumIteratorRegistryBase@H@@IAE?AV?$optional@V?$tuple@V?$basic_string@_WU?$char_traits@_W@std@@V?$allocator@_W@2@@std@@V12@KK@std@@@std@@XZ 100040a0 f i portable_settings.obj
 0001:00003260       ??1?$vector@EV?$allocator@E@std@@@std@@QAE@XZ 10004260 f i portable_settings.obj
 0001:000032c0       ??_E?$EnumIteratorImpl@V?$basic_string@_WU?$char_traits@_W@std@@V?$allocator@_W@2@@std@@@@UAEPAXI@Z 100042c0 f i * CIL library *:* CIL module *
 0001:000032c0       ??_G?$EnumIteratorImpl@V?$basic_string@_WU?$char_traits@_W@std@@V?$allocator@_W@2@@std@@@@UAEPAXI@Z 100042c0 f i portable_settings.obj
 0001:000032f0       ??_E?$EnumIteratorImpl@H@@UAEPAXI@Z 100042f0 f i * CIL library *:* CIL module *
 0001:000032f0       ??_G?$EnumIteratorImpl@H@@UAEPAXI@Z 100042f0 f i portable_settings.obj
 0001:00003320       ??$make_tuple@V?$basic_string@_WU?$char_traits@_W@std@@V?$allocator@_W@2@@std@@V12@AAKAAK@std@@YA?AV?$tuple@V?$basic_string@_WU?$char_traits@_W@std@@V?$allocator@_W@2@@std@@V12@KK@0@$$QAV?$basic_string@_WU?$char_traits@_W@std@@V?$allocator@_W@2@@0@0AAK1@Z 10004320 f i portable_settings.obj
 0001:000033b0       ??$?0V?$tuple@V?$basic_string@_WU?$char_traits@_W@std@@V?$allocator@_W@2@@std@@V12@KK@std@@$0A@@?$optional@V?$tuple@V?$basic_string@_WU?$char_traits@_W@std@@V?$allocator@_W@2@@std@@V12@KK@std@@@std@@QAE@$$QAV?$tuple@V?$basic_string@_WU?$char_traits@_W@std@@V?$allocator@_W@2@@std@@V12@KK@1@@Z 100043b0 f i portable_settings.obj
 0001:00003440       ??$_Traits_find_first_of@U?$char_traits@_W@std@@@std@@YAIQB_WII0I@Z 10004440 f i portable_settings.obj
 0001:00003550       ?_Xlength@?$vector@EV?$allocator@E@std@@@std@@CAXXZ 10004550 f i portable_settings.obj
 0001:00003550       ?_Xlength@?$vector@KV?$allocator@K@std@@@std@@CAXXZ 10004550 f i all_processes_injector.obj
 0001:00003550       ?_Xlength@?$vector@PAXV?$allocator@PAX@std@@@std@@CAXXZ 10004550 f i mod.obj
 0001:00003550       ?_Xlength@?$vector@PBUtagWH_SYMBOL_HOOK@@V?$allocator@PBUtagWH_SYMBOL_HOOK@@@std@@@std@@CAXXZ 10004550 f i mod.obj
 0001:00003550       ?_Xlength@?$vector@UHookContext@HwbpHook@@V?$allocator@UHookContext@HwbpHook@@@std@@@std@@CAXXZ 10004550 f i hwbp_hook.obj
 0001:00003550       ?_Xlength@?$vector@UThreadCallStackRegionInfo@@V?$allocator@UThreadCallStackRegionInfo@@@std@@@std@@CAXXZ 10004550 f i mods_manager.obj
 0001:00003550       ?_Xlength@?$vector@U_IMAGE_CHPE_RANGE_ENTRY@SymbolEnum@@V?$allocator@U_IMAGE_CHPE_RANGE_ENTRY@SymbolEnum@@@std@@@std@@CAXXZ 10004550 f i symbol_enum.obj
 0001:00003550       ?_Xlength@?$vector@V?$basic_string@DU?$char_traits@D@std@@V?$allocator@D@2@@std@@V?$allocator@V?$basic_string@DU?$char_traits@D@std@@V?$allocator@D@2@@std@@@2@@std@@CAXXZ 10004550 f i mod.obj
 0001:00003550       ?_Xlength@?$vector@V?$basic_string@_WU?$char_traits@_W@std@@V?$allocator@_W@2@@std@@V?$allocator@V?$basic_string@_WU?$char_traits@_W@std@@V?$allocator@_W@2@@std@@@2@@std@@CAXXZ 10004550 f i functions.obj
 0001:00003550       ?_Xlength@?$vector@V?$basic_string_view@_WU?$char_traits@_W@std@@@std@@V?$allocator@V?$basic_string_view@_WU?$char_traits@_W@std@@@std@@@2@@std@@CAXXZ 10004550 f i functions.obj
 0001:00003560       ??$_Emplace_reallocate@E@?$vector@EV?$allocator@E@std@@@std@@AAEPAEQAE$$QAE@Z 10004560 f i portable_settings.obj
 0001:000036b0       ?_Buy_raw@?$vector@EV?$allocator@E@std@@@std@@AAEXI@Z 100046b0 f i portable_settings.obj
 0001:00003740       _wmemchr                   10004740 f i portable_settings.obj
 0001:000038b0       ??0?$basic_string@_WU?$char_traits@_W@std@@V?$allocator@_W@2@@std@@QAE@ABV01@@Z 100048b0 f i portable_settings.obj
 0001:00003960       ??$_Construct@$00PB_W@?$basic_string@_WU?$char_traits@_W@std@@V?$allocator@_W@2@@std@@AAEXQB_WI@Z 10004960 f i portable_settings.obj
 0001:00003a00       ?_Xran@?$_String_val@U?$_Simple_types@_W@std@@@std@@SAXXZ 10004a00 f i portable_settings.obj
 0001:00003a10       ??$_Reallocate_grow_by@V<lambda_1>@?1??append@?$basic_string@_WU?$char_traits@_W@std@@V?$allocator@_W@2@@std@@QAEAAV34@QB_WI@Z@PB_WI@?$basic_string@_WU?$char_traits@_W@std@@V?$allocator@_W@2@@std@@AAEAAV01@IV<lambda_1>@?1??append@01@QAEAAV01@QB_WI@Z@PB_WI@Z 10004a10 f i portable_settings.obj
 0001:00003b50       ?push_back@?$basic_string@_WU?$char_traits@_W@std@@V?$allocator@_W@2@@std@@QAEX_W@Z 10004b50 f i portable_settings.obj
 0001:00003c80       ?reserve@?$basic_string@_WU?$char_traits@_W@std@@V?$allocator@_W@2@@std@@QAEXI@Z 10004c80 f i portable_settings.obj
 0001:00003da0       ??1bad_alloc@std@@UAE@XZ   10004da0 f i portable_settings.obj
 0001:00003da0       ??1bad_array_new_length@std@@UAE@XZ 10004da0 f i portable_settings.obj
 0001:00003da0       ??1bad_exception@std@@UAE@XZ 10004da0 f i libvcruntime:frame.obj
 0001:00003da0       ??1bad_function_call@std@@UAE@XZ 10004da0 f i libcpmt:xthrow.obj
 0001:00003da0       ??1bad_optional_access@std@@UAE@XZ 10004da0 f i customization_session.obj
 0001:00003da0       ??1bad_variant_access@std@@UAE@XZ 10004da0 f i storage_manager.obj
 0001:00003da0       ??1invalid_argument@std@@UAE@XZ 10004da0 f i portable_settings.obj
 0001:00003da0       ??1length_error@std@@UAE@XZ 10004da0 f i libcpmt:xthrow.obj
 0001:00003da0       ??1logic_error@std@@UAE@XZ 10004da0 f i portable_settings.obj
 0001:00003da0       ??1out_of_range@std@@UAE@XZ 10004da0 f i libcpmt:xthrow.obj
 0001:00003da0       ??1runtime_error@std@@UAE@XZ 10004da0 f i all_processes_injector.obj
 0001:00003da0       ??1system_error@std@@UAE@XZ 10004da0 f i all_processes_injector.obj
 0001:00003dc0       ??0exception@std@@QAE@QBD@Z 10004dc0 f i portable_settings.obj
 0001:00003e10       ??_Ebad_alloc@std@@UAEPAXI@Z 10004e10 f i * CIL library *:* CIL module *
 0001:00003e10       ??_Ebad_array_new_length@std@@UAEPAXI@Z 10004e10 f i * CIL library *:* CIL module *
 0001:00003e10       ??_Ebad_optional_access@std@@UAEPAXI@Z 10004e10 f i * CIL library *:* CIL module *
 0001:00003e10       ??_Ebad_variant_access@std@@UAEPAXI@Z 10004e10 f i * CIL library *:* CIL module *
 0001:00003e10       ??_Eexception@std@@UAEPAXI@Z 10004e10 f i * CIL library *:* CIL module *
 0001:00003e10       ??_Einvalid_argument@std@@UAEPAXI@Z 10004e10 f i * CIL library *:* CIL module *
 0001:00003e10       ??_Elogic_error@std@@UAEPAXI@Z 10004e10 f i * CIL library *:* CIL module *
 0001:00003e10       ??_Eruntime_error@std@@UAEPAXI@Z 10004e10 f i * CIL library *:* CIL module *
 0001:00003e10       ??_Gbad_alloc@std@@UAEPAXI@Z 10004e10 f i portable_settings.obj
 0001:00003e10       ??_Gbad_array_new_length@std@@UAEPAXI@Z 10004e10 f i portable_settings.obj
 0001:00003e10       ??_Gbad_optional_access@std@@UAEPAXI@Z 10004e10 f i customization_session.obj
 0001:00003e10       ??_Gbad_variant_access@std@@UAEPAXI@Z 10004e10 f i storage_manager.obj
 0001:00003e10       ??_Gexception@std@@UAEPAXI@Z 10004e10 f i portable_settings.obj
 0001:00003e10       ??_Ginvalid_argument@std@@UAEPAXI@Z 10004e10 f i portable_settings.obj
 0001:00003e10       ??_Glogic_error@std@@UAEPAXI@Z 10004e10 f i portable_settings.obj
 0001:00003e10       ??_Gruntime_error@std@@UAEPAXI@Z 10004e10 f i all_processes_injector.obj
 0001:00003e40       ??0logic_error@std@@QAE@PBD@Z 10004e40 f i portable_settings.obj
 0001:00003ea0       ??0invalid_argument@std@@QAE@PBD@Z 10004ea0 f i portable_settings.obj
 0001:00003f00       ?RecordException@details@wil@@YAHJ@Z 10004f00 f i portable_settings.obj
 0001:00003f20       ?RecordReturn@details@wil@@YAHJ@Z 10004f20 f i portable_settings.obj
 0001:00003f40       ??$ReportFailure_Return@$01@details@wil@@YAXPAXIPBD110ABUResultStatus@01@PB_WW4ReportFailureOptions@01@W4FailureFlags@1@@Z 10004f40 f i portable_settings.obj
 0001:00003ff0       ??$ReportFailure_Base@$01$0A@@details@wil@@YAXPAXIPBD110ABUResultStatus@01@PB_WW4ReportFailureOptions@01@W4FailureFlags@1@@Z 10004ff0 f i portable_settings.obj
 0001:00004000       ??$ReportFailure_Hr@$01@details@wil@@YAXPAXIPBD110JW4FailureFlags@1@@Z 10005000 f i portable_settings.obj
 0001:00004050       ?RecordLog@details@wil@@YAHJ@Z 10005050 f i portable_settings.obj
 0001:00004070       ?RecordFailFast@details@wil@@YAHJ@Z 10005070 f i portable_settings.obj
 0001:00004090       ?_FailFastImmediate_Unexpected@in1diag3@details@wil@@YAXXZ 10005090 f i portable_settings.obj
 0001:00004090       ?__throw_bad_function_call@wistd@@YAXXZ 10005090 f i all_processes_injector.obj
 0001:000040a0       ?LogStringPrintf@details@wil@@YAPA_WPA_WPB_W1ZZ 100050a0 f i portable_settings.obj
 0001:00004120       ?GetFailureLogString@wil@@YAJPA_WIABUFailureInfo@1@@Z 10005120 f i portable_settings.obj
 0001:000043b0       ?LogFailure@details@wil@@YAXPAXIPBD110W4FailureType@2@ABUResultStatus@12@PB_W_NPA_WIPADIW4FailureFlags@2@PAUFailureInfo@2@@Z 100053b0 f i portable_settings.obj
 0001:00004650       ?ThrowResultException@wil@@YAXABUFailureInfo@1@@Z 10005650 f i portable_settings.obj
 0001:00004660       ?WilRaiseFailFastException@details@wil@@YGXPAU_EXCEPTION_RECORD@@PAU_CONTEXT@@K@Z 10005660 f i portable_settings.obj
 0001:00004680       ?WilFailFast@details@wil@@YGXABUFailureInfo@2@@Z 10005680 f i portable_settings.obj
 0001:00004720       ??$ReportFailure_NoReturn@$0A@@details@wil@@YAXPAXIPBD110ABUResultStatus@01@PB_WW4ReportFailureOptions@01@@Z 10005720 f i portable_settings.obj
 0001:00004a20       ??$ReportFailure_Base@$0A@$0A@@details@wil@@YAXPAXIPBD110ABUResultStatus@01@PB_WW4ReportFailureOptions@01@W4FailureFlags@1@@Z 10005a20 f i portable_settings.obj
 0001:00004a40       ?HrToNtStatus@details@wil@@YAJJ@Z 10005a40 f i portable_settings.obj
 0001:00004d20       ?FromResult@ResultStatus@details@wil@@SA?AU123@J@Z 10005d20 f i portable_settings.obj
 0001:00004d40       ??$ReportFailure_Win32@$0A@@details@wil@@YAJPAXIPBD110K@Z 10005d40 f i portable_settings.obj
 0001:00004d90       ?Throw_Win32@in1diag3@details@wil@@YAXPAXIPBDK@Z 10005d90 f i portable_settings.obj
 0001:00004db0       ??0?$basic_string@_WU?$char_traits@_W@std@@V?$allocator@_W@2@@std@@QAE@$$QAV01@@Z 10005db0 f i portable_settings.obj
 0001:00004e00       ??$?0PA_W$0A@@?$basic_string@_WU?$char_traits@_W@std@@V?$allocator@_W@2@@std@@QAE@PA_W0ABV?$allocator@_W@1@@Z 10005e00 f i portable_settings.obj
 0001:00004ee0       ?to_wstring@std@@YA?AV?$basic_string@_WU?$char_traits@_W@std@@V?$allocator@_W@2@@1@H@Z 10005ee0 f i portable_settings.obj
 0001:00004f80       ?_Xlen_string@std@@YAXXZ   10005f80 f i portable_settings.obj
 0001:00004f90       ??0bad_array_new_length@std@@QAE@XZ 10005f90 f i portable_settings.obj
 0001:00004fb0       ??0bad_array_new_length@std@@QAE@ABV01@@Z 10005fb0 f i portable_settings.obj
 0001:00005000       ??0bad_alloc@std@@QAE@ABV01@@Z 10006000 f i portable_settings.obj
 0001:00005040       ??0exception@std@@QAE@ABV01@@Z 10006040 f i portable_settings.obj
 0001:00005070       ?_Throw_bad_array_new_length@std@@YAXXZ 10006070 f i portable_settings.obj
 0001:00005070       ?__scrt_throw_std_bad_array_new_length@@YAXXZ 10006070 f i LIBCMT:throw_bad_alloc.obj
 0001:00005090       ??$_Allocate_for_capacity@$0A@@?$basic_string@_WU?$char_traits@_W@std@@V?$allocator@_W@2@@std@@CAPA_WAAV?$allocator@_W@1@AAI@Z 10006090 f i portable_settings.obj
 0001:00005100       ??$_Reallocate_grow_by@V<lambda_1>@?1??append@?$basic_string@_WU?$char_traits@_W@std@@V?$allocator@_W@2@@std@@QAEAAV34@I_W@Z@I_W@?$basic_string@_WU?$char_traits@_W@std@@V?$allocator@_W@2@@std@@AAEAAV01@IV<lambda_1>@?1??append@01@QAEAAV01@I_W@Z@I_W@Z 10006100 f i portable_settings.obj
 0001:00005250       ?resize@?$basic_string@_WU?$char_traits@_W@std@@V?$allocator@_W@2@@std@@QAEXI_W@Z 10006250 f i portable_settings.obj
 0001:000052d0       ?_Tidy_deallocate@?$basic_string@_WU?$char_traits@_W@std@@V?$allocator@_W@2@@std@@AAEXXZ 100062d0 f i portable_settings.obj
 0001:00005330       ??1?$basic_string@_WU?$char_traits@_W@std@@V?$allocator@_W@2@@std@@QAE@XZ 10006330 f i portable_settings.obj
 0001:00005330       ??1path@filesystem@std@@QAE@XZ 10006330 f i all_processes_injector.obj
 0001:00005340       ?what@exception@std@@UBEPBDXZ 10006340 f i portable_settings.obj
 0001:00005890       ??1?$unique_any_t@V?$unique_storage@U?$resource_policy@PAXP6GPAXPAX@Z$1?LocalFree@@YGPAX0@ZU?$integral_constant@I$0A@@wistd@@PAXPAX$0A@$$T@details@wil@@@details@wil@@@wil@@QAE@XZ 10006890 f i all_processes_injector.obj
 0001:000058a0       ??0AllProcessesInjector@@QAE@XZ 100068a0 f   all_processes_injector.obj
 0001:00005de0       ??1?$unique_any_t@V?$unique_storage@U?$handle_null_only_resource_policy@P6GXPAX@_E$1??$ClosePrivateNamespaceHelper@$00@details@wil@@YGX0@Z@details@wil@@@details@wil@@@wil@@QAE@XZ 10006de0 f i all_processes_injector.obj
 0001:00005df0       ??1?$unique_any_t@V?$unique_storage@U?$handle_null_only_resource_policy@P6GHPAX@Z$1?CloseHandle@@YGH0@Z@details@wil@@@details@wil@@@wil@@QAE@XZ 10006df0 f i all_processes_injector.obj
 0001:00005e00       ?__autoclassinit2@?$unique_ptr@VPortableSettings@@U?$default_delete@VPortableSettings@@@std@@@std@@QAEXI@Z 10006e00 f i all_processes_injector.obj
 0001:00005e10       ?InjectIntoNewProcesses@AllProcessesInjector@@QAE?AV?$vector@KV?$allocator@K@std@@@std@@XZ 10006e10 f   all_processes_injector.obj
 0001:00006380       ?GetProcessPriority@AllProcessesInjector@@ABE?AW4InjectionPriority@ProcessLists@@V?$basic_string_view@_WU?$char_traits@_W@std@@@std@@@Z 10007380 f   all_processes_injector.obj
 0001:000064f0       ?ShouldSkipNewProcess@AllProcessesInjector@@ABE_NV?$basic_string_view@_WU?$char_traits@_W@std@@@std@@@Z 100074f0 f   all_processes_injector.obj
 0001:00006560       ?ShouldAttachExemptThread@AllProcessesInjector@@ABE_NV?$basic_string_view@_WU?$char_traits@_W@std@@@std@@@Z 10007560 f   all_processes_injector.obj
 0001:00006590       ?InjectIntoNewProcess@AllProcessesInjector@@AAEXPAXK_N@Z 10007590 f   all_processes_injector.obj
 0001:00006b80       ??$value_or@H@?$optional@H@std@@QHAEH$$QAH@Z 10007b80 f i all_processes_injector.obj
 0001:00006ba0       ??$GetModuleFileNameW@V?$basic_string@_WU?$char_traits@_W@std@@V?$allocator@_W@2@@std@@$0IA@@wil@@YA?AV?$basic_string@_WU?$char_traits@_W@std@@V?$allocator@_W@2@@std@@PAUHINSTANCE__@@@Z 10007ba0 f i all_processes_injector.obj
 0001:00006c40       ??$value_or@AAY00$$CB_W@?$optional@V?$basic_string@_WU?$char_traits@_W@std@@V?$allocator@_W@2@@std@@@std@@QHAE?AV?$basic_string@_WU?$char_traits@_W@std@@V?$allocator@_W@2@@1@AAY00$$CB_W@Z 10007c40 f i all_processes_injector.obj
 0001:00006cc0       ??$QueryFullProcessImageNameW@V?$basic_string@_WU?$char_traits@_W@std@@V?$allocator@_W@2@@std@@$0BAA@@wil@@YAJPAXKAAV?$basic_string@_WU?$char_traits@_W@std@@V?$allocator@_W@2@@std@@@Z 10007cc0 f i all_processes_injector.obj
 0001:00006d60       ??1?$unique_ptr@VPortableSettings@@U?$default_delete@VPortableSettings@@@std@@@std@@QAE@XZ 10007d60 f i all_processes_injector.obj
 0001:00006d70       ??1?$vector@KV?$allocator@K@std@@@std@@QAE@XZ 10007d70 f i all_processes_injector.obj
 0001:00006d70       ??1?$vector@PAXV?$allocator@PAX@std@@@std@@QAE@XZ 10007d70 f i mod.obj
 0001:00006d70       ??1?$vector@PBUtagWH_SYMBOL_HOOK@@V?$allocator@PBUtagWH_SYMBOL_HOOK@@@std@@@std@@QAE@XZ 10007d70 f i mod.obj
 0001:00006dd0       ??1?$unique_struct@U_PROCESS_INFORMATION@@P6GXPAU1@@Z$1?CloseProcessInformation@details@wil@@YGX0@Z$$T$0A@@wil@@QAE@XZ 10007dd0 f i all_processes_injector.obj
 0001:00006e20       ??$call_function@_K_K@wow64pp@@YA_KAAVerror_code@std@@_K11@Z 10007e20 f i all_processes_injector.obj
 0001:00007090       ??$AdaptFixedSizeToAllocatedResult@V?$basic_string@_WU?$char_traits@_W@std@@V?$allocator@_W@2@@std@@$0BAA@@wil@@YAJAAV?$basic_string@_WU?$char_traits@_W@std@@V?$allocator@_W@2@@std@@V?$function@$$A6AJPA_WIPAI@Z@wistd@@@Z 10008090 f i all_processes_injector.obj
 0001:000073e0       ??$K32GetModuleFileNameExW@V?$basic_string@_WU?$char_traits@_W@std@@V?$allocator@_W@2@@std@@$0IA@@wil@@YAJPAXPAUHINSTANCE__@@AAV?$basic_string@_WU?$char_traits@_W@std@@V?$allocator@_W@2@@std@@@Z 100083e0 f i all_processes_injector.obj
 0001:00007440       ??$_Emplace_reallocate@ABK@?$vector@KV?$allocator@K@std@@@std@@AAEPAKQAKABK@Z 10008440 f i all_processes_injector.obj
 0001:00007440       ??$_Emplace_reallocate@ABQAX@?$vector@PAXV?$allocator@PAX@std@@@std@@AAEPAPAXQAPAXABQAX@Z 10008440 f i mod.obj
 0001:00007440       ??$_Emplace_reallocate@PBUtagWH_SYMBOL_HOOK@@@?$vector@PBUtagWH_SYMBOL_HOOK@@V?$allocator@PBUtagWH_SYMBOL_HOOK@@@std@@@std@@AAEPAPBUtagWH_SYMBOL_HOOK@@QAPBU2@$$QAPBU2@@Z 10008440 f i mod.obj
 0001:000075b0       ?__clone@?$__func@V<lambda_1>@?1???$QueryFullProcessImageNameW@V?$basic_string@_WU?$char_traits@_W@std@@V?$allocator@_W@2@@std@@$0BAA@@wil@@YAJPAXKAAV?$basic_string@_WU?$char_traits@_W@std@@V?$allocator@_W@2@@std@@@Z@$$A6AJPA_WIPAI@Z@__function@wistd@@UBEXPAV?$__base@$$A6AJPA_WIPAI@Z@23@@Z 100085b0 f i all_processes_injector.obj
 0001:000075b0       ?__move@?$__func@V<lambda_1>@?1???$QueryFullProcessImageNameW@V?$basic_string@_WU?$char_traits@_W@std@@V?$allocator@_W@2@@std@@$0BAA@@wil@@YAJPAXKAAV?$basic_string@_WU?$char_traits@_W@std@@V?$allocator@_W@2@@std@@@Z@$$A6AJPA_WIPAI@Z@__function@wistd@@UAEXPAV?$__base@$$A6AJPA_WIPAI@Z@23@@Z 100085b0 f i all_processes_injector.obj
 0001:000075d0       ?destroy@?$__func@V<lambda_1>@?1???$ExpandEnvironmentStringsW@V?$basic_string@_WU?$char_traits@_W@std@@V?$allocator@_W@2@@std@@$0BAA@@wil@@YAJPB_WAAV?$basic_string@_WU?$char_traits@_W@std@@V?$allocator@_W@2@@std@@@Z@$$A6AJPA_WIPAI@Z@__function@wistd@@UAEXXZ 100085d0 f i functions.obj
 0001:000075d0       ?destroy@?$__func@V<lambda_1>@?1???$GetEnvironmentVariableW@V?$basic_string@_WU?$char_traits@_W@std@@V?$allocator@_W@2@@std@@$0IA@@wil@@YAJPB_WAAV?$basic_string@_WU?$char_traits@_W@std@@V?$allocator@_W@2@@std@@@Z@$$A6AJPA_WIPAI@Z@__function@wistd@@UAEXXZ 100085d0 f i storage_manager.obj
 0001:000075d0       ?destroy@?$__func@V<lambda_1>@?1???$K32GetModuleFileNameExW@V?$basic_string@_WU?$char_traits@_W@std@@V?$allocator@_W@2@@std@@$0IA@@wil@@YAJPAXPAUHINSTANCE__@@AAV?$basic_string@_WU?$char_traits@_W@std@@V?$allocator@_W@2@@std@@@Z@$$A6AJPA_WIPAI@Z@__function@wistd@@UAEXXZ 100085d0 f i all_processes_injector.obj
 0001:000075d0       ?destroy@?$__func@V<lambda_1>@?1???$QueryFullProcessImageNameW@V?$basic_string@_WU?$char_traits@_W@std@@V?$allocator@_W@2@@std@@$0BAA@@wil@@YAJPAXKAAV?$basic_string@_WU?$char_traits@_W@std@@V?$allocator@_W@2@@std@@@Z@$$A6AJPA_WIPAI@Z@__function@wistd@@UAEXXZ 100085d0 f i all_processes_injector.obj
 0001:000075d0       @_guard_check_icall_nop@4  100085d0 f i LIBCMT:guard_support.obj
 0001:000075e0       ??R?$__func@V<lambda_1>@?1???$QueryFullProcessImageNameW@V?$basic_string@_WU?$char_traits@_W@std@@V?$allocator@_W@2@@std@@$0BAA@@wil@@YAJPAXKAAV?$basic_string@_WU?$char_traits@_W@std@@V?$allocator@_W@2@@std@@@Z@$$A6AJPA_WIPAI@Z@__function@wistd@@UAEJ$$QAPA_W$$QAI$$QAPAI@Z 100085e0 f i all_processes_injector.obj
 0001:00007670       ??_E?$__func@V<lambda_1>@?1???$K32GetModuleFileNameExW@V?$basic_string@_WU?$char_traits@_W@std@@V?$allocator@_W@2@@std@@$0IA@@wil@@YAJPAXPAUHINSTANCE__@@AAV?$basic_string@_WU?$char_traits@_W@std@@V?$allocator@_W@2@@std@@@Z@$$A6AJPA_WIPAI@Z@__function@wistd@@UAEPAXI@Z 10008670 f i * CIL library *:* CIL module *
 0001:00007670       ??_E?$__func@V<lambda_1>@?1???$QueryFullProcessImageNameW@V?$basic_string@_WU?$char_traits@_W@std@@V?$allocator@_W@2@@std@@$0BAA@@wil@@YAJPAXKAAV?$basic_string@_WU?$char_traits@_W@std@@V?$allocator@_W@2@@std@@@Z@$$A6AJPA_WIPAI@Z@__function@wistd@@UAEPAXI@Z 10008670 f i * CIL library *:* CIL module *
 0001:00007670       ??_G?$__func@V<lambda_1>@?1???$K32GetModuleFileNameExW@V?$basic_string@_WU?$char_traits@_W@std@@V?$allocator@_W@2@@std@@$0IA@@wil@@YAJPAXPAUHINSTANCE__@@AAV?$basic_string@_WU?$char_traits@_W@std@@V?$allocator@_W@2@@std@@@Z@$$A6AJPA_WIPAI@Z@__function@wistd@@UAEPAXI@Z 10008670 f i all_processes_injector.obj
 0001:00007670       ??_G?$__func@V<lambda_1>@?1???$QueryFullProcessImageNameW@V?$basic_string@_WU?$char_traits@_W@std@@V?$allocator@_W@2@@std@@$0BAA@@wil@@YAJPAXKAAV?$basic_string@_WU?$char_traits@_W@std@@V?$allocator@_W@2@@std@@@Z@$$A6AJPA_WIPAI@Z@__function@wistd@@UAEPAXI@Z 10008670 f i all_processes_injector.obj
 0001:000076a0       ??$AdaptFixedSizeToAllocatedResult@V?$basic_string@_WU?$char_traits@_W@std@@V?$allocator@_W@2@@std@@$0IA@@wil@@YAJAAV?$basic_string@_WU?$char_traits@_W@std@@V?$allocator@_W@2@@std@@V?$function@$$A6AJPA_WIPAI@Z@wistd@@@Z 100086a0 f i all_processes_injector.obj
 0001:000079f0       ?__clone@?$__func@V<lambda_1>@?1???$K32GetModuleFileNameExW@V?$basic_string@_WU?$char_traits@_W@std@@V?$allocator@_W@2@@std@@$0IA@@wil@@YAJPAXPAUHINSTANCE__@@AAV?$basic_string@_WU?$char_traits@_W@std@@V?$allocator@_W@2@@std@@@Z@$$A6AJPA_WIPAI@Z@__function@wistd@@UBEXPAV?$__base@$$A6AJPA_WIPAI@Z@23@@Z 100089f0 f i all_processes_injector.obj
 0001:000079f0       ?__move@?$__func@V<lambda_1>@?1???$K32GetModuleFileNameExW@V?$basic_string@_WU?$char_traits@_W@std@@V?$allocator@_W@2@@std@@$0IA@@wil@@YAJPAXPAUHINSTANCE__@@AAV?$basic_string@_WU?$char_traits@_W@std@@V?$allocator@_W@2@@std@@@Z@$$A6AJPA_WIPAI@Z@__function@wistd@@UAEXPAV?$__base@$$A6AJPA_WIPAI@Z@23@@Z 100089f0 f i all_processes_injector.obj
 0001:00007a10       ??R?$__func@V<lambda_1>@?1???$K32GetModuleFileNameExW@V?$basic_string@_WU?$char_traits@_W@std@@V?$allocator@_W@2@@std@@$0IA@@wil@@YAJPAXPAUHINSTANCE__@@AAV?$basic_string@_WU?$char_traits@_W@std@@V?$allocator@_W@2@@std@@@Z@$$A6AJPA_WIPAI@Z@__function@wistd@@UAEJ$$QAPA_W$$QAI$$QAPAI@Z 10008a10 f i all_processes_injector.obj
 0001:00007ab0       ??_E?$__base@$$A6AJPA_WIPAI@Z@__function@wistd@@UAEPAXI@Z 10008ab0 f i * CIL library *:* CIL module *
 0001:00007ab0       ??_G?$__base@$$A6AJPA_WIPAI@Z@__function@wistd@@UAEPAXI@Z 10008ab0 f i all_processes_injector.obj
 0001:00007ae0       ??$ReportFailure_Hr@$00@details@wil@@YAXPAXIPBD110JW4FailureFlags@1@@Z 10008ae0 f i all_processes_injector.obj
 0001:00007b20       ?Return_Hr@in1diag3@details@wil@@YAXPAXIPBDJ@Z 10008b20 f i all_processes_injector.obj
 0001:00007b70       ??0?$basic_string@_WU?$char_traits@_W@std@@V?$allocator@_W@2@@std@@QAE@I_W@Z 10008b70 f i all_processes_injector.obj
 0001:00007c40       ?make@?$string_maker@V?$basic_string@_WU?$char_traits@_W@std@@V?$allocator@_W@2@@std@@@details@wil@@QAEJPB_WI@Z 10008c40 f i all_processes_injector.obj
 0001:00007d60       ??$ReportFailure_Hr@$02@details@wil@@YAXPAXIPBD110JW4FailureFlags@1@@Z 10008d60 f i all_processes_injector.obj
 0001:00007da0       ?FailFast_Unexpected@in1diag3@details@wil@@YAXPAXIPBD@Z 10008da0 f i all_processes_injector.obj
 0001:00007de0       ??$ReportFailure_Return@$00@details@wil@@YAXPAXIPBD110ABUResultStatus@01@PB_WW4ReportFailureOptions@01@W4FailureFlags@1@@Z 10008de0 f i all_processes_injector.obj
 0001:000080a0       ??$ReportFailure_Base@$00$0A@@details@wil@@YAXPAXIPBD110ABUResultStatus@01@PB_WW4ReportFailureOptions@01@W4FailureFlags@1@@Z 100090a0 f i all_processes_injector.obj
 0001:000080b0       ??$ReportFailure_GetLastErrorHr@$00@details@wil@@YAJPAXIPBD110@Z 100090b0 f i all_processes_injector.obj
 0001:00008170       ?Return_GetLastError@in1diag3@details@wil@@YAJPAXIPBD@Z 10009170 f i all_processes_injector.obj
 0001:000081c0       ??$ReportFailure_Hr@$0A@@details@wil@@YAXPAXIPBD110JW4FailureFlags@1@@Z 100091c0 f i all_processes_injector.obj
 0001:00008210       ?_Throw_Hr@in1diag3@details@wil@@YAXPAXIPBDJ@Z 10009210 f i all_processes_injector.obj
 0001:00008230       ??1_Init_once_completer@std@@QAE@XZ 10009230 f i all_processes_injector.obj
 0001:00008250       ??1?$unique_any_t@V?$unique_storage@U?$resource_policy@PAXP6GXPAX@_E$1?ReleaseMutex@details@wil@@YGX0@ZU?$integral_constant@I$01@wistd@@PAXPAX$0A@$$T@details@wil@@@details@wil@@@wil@@QAE@XZ 10009250 f i all_processes_injector.obj
 0001:00008280       ??0runtime_error@std@@QAE@PBD@Z 10009280 f i all_processes_injector.obj
 0001:000082e0       ?append@?$basic_string@_WU?$char_traits@_W@std@@V?$allocator@_W@2@@std@@QAEAAV12@QB_W@Z 100092e0 f i all_processes_injector.obj
 0001:00008360       ??$ReportFailure_NoReturn@$02@details@wil@@YAXPAXIPBD110ABUResultStatus@01@PB_WW4ReportFailureOptions@01@@Z 10009360 f i all_processes_injector.obj
 0001:00008610       ??$ReportFailure_Base@$02$0A@@details@wil@@YAXPAXIPBD110ABUResultStatus@01@PB_WW4ReportFailureOptions@01@W4FailureFlags@1@@Z 10009610 f i all_processes_injector.obj
 0001:00008630       ??$ReportFailure_GetLastError@$02@details@wil@@YAKPAXIPBD110@Z 10009630 f i all_processes_injector.obj
 0001:00008690       ?_FailFast_GetLastError@in1diag3@details@wil@@YAXPAXIPBD@Z 10009690 f i all_processes_injector.obj
 0001:000086d0       ??1?$unique_any_t@V?$event_t@V?$unique_storage@U?$resource_policy@PAXP6GXPAX@_E$1?CloseHandle@details@wil@@YGX0@ZU?$integral_constant@I$0A@@wistd@@PAXPAX$0A@$$T@details@wil@@@details@wil@@Uerr_returncode_policy@3@@wil@@@wil@@QAE@XZ 100096d0 f i customization_session.obj
 0001:000086d0       ??1?$unique_any_t@V?$mutex_t@V?$unique_storage@U?$resource_policy@PAXP6GXPAX@_E$1?CloseHandle@details@wil@@YGX0@ZU?$integral_constant@I$0A@@wistd@@PAXPAX$0A@$$T@details@wil@@@details@wil@@Uerr_returncode_policy@3@@wil@@@wil@@QAE@XZ 100096d0 f i all_processes_injector.obj
 0001:000086d0       ??1?$unique_any_t@V?$semaphore_t@V?$unique_storage@U?$resource_policy@PAXP6GXPAX@_E$1?CloseHandle@details@wil@@YGX0@ZU?$integral_constant@I$0A@@wistd@@PAXPAX$0A@$$T@details@wil@@@details@wil@@Uerr_exception_policy@3@@wil@@@wil@@QAE@XZ 100096d0 f i customization_session.obj
 0001:000086d0       ??1?$unique_storage@U?$resource_policy@PAXP6GXPAX@_E$1?CloseHandle@details@wil@@YGX0@ZU?$integral_constant@I$0A@@wistd@@PAXPAX$0A@$$T@details@wil@@@details@wil@@QAE@XZ 100096d0 f i all_processes_injector.obj
 0001:00008700       __vswprintf_s_l            10009700 f i all_processes_injector.obj
 0001:00008730       _swprintf_s                10009730 f i all_processes_injector.obj
 0001:00008750       ?NtStatusToHr@details@wil@@YAJJ@Z 10009750 f i all_processes_injector.obj
 0001:00008800       ?FromStatus@ResultStatus@details@wil@@SA?AU123@J@Z 10009800 f i all_processes_injector.obj
 0001:00008820       ??$ReportFailure_NtStatus@$0A@@details@wil@@YAJPAXIPBD110J@Z 10009820 f i all_processes_injector.obj
 0001:00008870       ?_Throw_NtStatus@in1diag3@details@wil@@YAXPAXIPBDJ@Z 10009870 f i all_processes_injector.obj
 0001:00008890       ?image_export_dir@detail@wow64pp@@YA?AU_IMAGE_EXPORT_DIRECTORY@@_KAAVerror_code@std@@@Z 10009890 f i all_processes_injector.obj
 0001:00008c10       ??$read_memory@I@detail@wow64pp@@YAX_KPAIIAAVerror_code@std@@@Z 10009c10 f i all_processes_injector.obj
 0001:00008d30       ?ldr_procedure_address@detail@wow64pp@@YA_KAAVerror_code@std@@@Z 10009d30 f i all_processes_injector.obj
 0001:00009230       ?get_native_machine@detail@wow64pp@@YAGAAVerror_code@std@@@Z 1000a230 f i all_processes_injector.obj
 0001:000093c0       ??$read_memory@$$BY0CA@W4byte@std@@@detail@wow64pp@@YAX_KPAY0CA@W4byte@std@@IAAVerror_code@3@@Z 1000a3c0 f i all_processes_injector.obj
 0001:00009500       ?module_handle@wow64pp@@YA_KV?$basic_string_view@DU?$char_traits@D@std@@@std@@AAVerror_code@3@@Z 1000a500 f i all_processes_injector.obj
 0001:00009950       ?make_initial_call_function_arm64_data@detail@wow64pp@@YA?AUCALL_FUNCTION_ARM64_DATA@12@XZ 1000a950 f i all_processes_injector.obj
 0001:00009c40       ?get_call_function_arm64_data@detail@wow64pp@@YAPAUCALL_FUNCTION_ARM64_DATA@12@XZ 1000ac40 f i all_processes_injector.obj
 0001:00009cd0       ??$call_function@_K_KH_K@wow64pp@@YA_KAAVerror_code@std@@_K11H1@Z 1000acd0 f i all_processes_injector.obj
 0001:00009f10       ?import@wow64pp@@YA_K_KV?$basic_string_view@DU?$char_traits@D@std@@@std@@@Z 1000af10 f i all_processes_injector.obj
 0001:0000a0c0       ??$read_memory@UPEB_64@defs@wow64pp@@@detail@wow64pp@@YA?AUPEB_64@defs@1@_K@Z 1000b0c0 f i all_processes_injector.obj
 0001:0000a0c0       ??$read_memory@UPEB_LDR_DATA_64@defs@wow64pp@@@detail@wow64pp@@YA?AUPEB_LDR_DATA_64@defs@1@_K@Z 1000b0c0 f i all_processes_injector.obj
 0001:0000a0e0       ?get_cached_nt_wow64_query_information_process_64@detail@wow64pp@@YAP6GJPAXI0IPAI@ZAAVerror_code@std@@@Z 1000b0e0 f i all_processes_injector.obj
 0001:0000a1c0       ?peb_address@detail@wow64pp@@YA_KXZ 1000b1c0 f i all_processes_injector.obj
 0001:0000a270       ??$read_memory@$$BY0CA@W4byte@std@@@detail@wow64pp@@YAX_KPAY0CA@W4byte@std@@I@Z 1000b270 f i all_processes_injector.obj
 0001:0000a370       ??$read_memory@ULDR_DATA_TABLE_ENTRY_64@defs@wow64pp@@@detail@wow64pp@@YAX_KPAULDR_DATA_TABLE_ENTRY_64@defs@1@I@Z 1000b370 f i all_processes_injector.obj
 0001:0000a490       ??1?$unique_ptr@$$BY0A@_WU?$default_delete@$$BY0A@_W@std@@@std@@QAE@XZ 1000b490 f i all_processes_injector.obj
 0001:0000a4a0       ?get_cached_nt_wow64_read_virtual_memory_64@detail@wow64pp@@YAP6GJPAX_K01PA_K@ZAAVerror_code@std@@@Z 1000b4a0 f i all_processes_injector.obj
 0001:0000a580       ??0system_error@std@@QAE@Verror_code@1@@Z 1000b580 f i all_processes_injector.obj
 0001:0000a650       ?throw_error_code@detail@wow64pp@@YAXABVerror_code@std@@@Z 1000b650 f i all_processes_injector.obj
 0001:0000a680       ?get_last_error@detail@wow64pp@@YA?AVerror_code@std@@XZ 1000b680 f i all_processes_injector.obj
 0001:0000a6a0       ?throw_last_error@detail@wow64pp@@YAXPBD@Z 1000b6a0 f i all_processes_injector.obj
 0001:0000a6d0       ??$read_memory@_W@detail@wow64pp@@YAX_KPA_WI@Z 1000b6d0 f i all_processes_injector.obj
 0001:0000a800       ?append@?$basic_string@DU?$char_traits@D@std@@V?$allocator@D@2@@std@@QAEAAV12@QBDI@Z 1000b800 f i all_processes_injector.obj
 0001:0000a980       ??0?$basic_string@DU?$char_traits@D@std@@V?$allocator@D@2@@std@@QAE@ABV01@@Z 1000b980 f i all_processes_injector.obj
 0001:0000aa30       ??0_System_error@std@@IAE@Verror_code@1@ABV?$basic_string@DU?$char_traits@D@std@@V?$allocator@D@2@@1@@Z 1000ba30 f i all_processes_injector.obj
 0001:0000abf0       ??0system_error@std@@QAE@Verror_code@1@PBD@Z 1000bbf0 f i all_processes_injector.obj
 0001:0000ace0       ??0error_code@std@@QAE@HABVerror_category@1@@Z 1000bce0 f i all_processes_injector.obj
 0001:0000ad00       ??_E_Generic_error_category@std@@UAEPAXI@Z 1000bd00 f i * CIL library *:* CIL module *
 0001:0000ad00       ??_E_System_error_category@std@@UAEPAXI@Z 1000bd00 f i * CIL library *:* CIL module *
 0001:0000ad00       ??_G_Generic_error_category@std@@UAEPAXI@Z 1000bd00 f i all_processes_injector.obj
 0001:0000ad00       ??_G_System_error_category@std@@UAEPAXI@Z 1000bd00 f i all_processes_injector.obj
 0001:0000ad20       ?name@_System_error_category@std@@UBEPBDXZ 1000bd20 f i all_processes_injector.obj
 0001:0000ad30       ??1_System_error_message@std@@QAE@XZ 1000bd30 f i all_processes_injector.obj
 0001:0000ad40       ?message@_System_error_category@std@@UBE?AV?$basic_string@DU?$char_traits@D@std@@V?$allocator@D@2@@2@H@Z 1000bd40 f i all_processes_injector.obj
 0001:0000adf0       ?name@_Generic_error_category@std@@UBEPBDXZ 1000bdf0 f i all_processes_injector.obj
 0001:0000ae00       ??$_Allocate_for_capacity@$0A@@?$basic_string@DU?$char_traits@D@std@@V?$allocator@D@2@@std@@CAPADAAV?$allocator@D@1@AAI@Z 1000be00 f i all_processes_injector.obj
 0001:0000ae70       ??$_Construct@$00PBD@?$basic_string@DU?$char_traits@D@std@@V?$allocator@D@2@@std@@AAEXQBDI@Z 1000be70 f i all_processes_injector.obj
 0001:0000af10       ??0?$basic_string@DU?$char_traits@D@std@@V?$allocator@D@2@@std@@QAE@QBD@Z 1000bf10 f i all_processes_injector.obj
 0001:0000af50       ??1?$basic_string@DU?$char_traits@D@std@@V?$allocator@D@2@@std@@QAE@XZ 1000bf50 f i all_processes_injector.obj
 0001:0000afb0       ?message@_Generic_error_category@std@@UBE?AV?$basic_string@DU?$char_traits@D@std@@V?$allocator@D@2@@2@H@Z 1000bfb0 f i all_processes_injector.obj
 0001:0000b000       ?generic_category@std@@YAABVerror_category@1@XZ 1000c000 f i all_processes_injector.obj
 0001:0000b010       ?default_error_condition@_System_error_category@std@@UBE?AVerror_condition@2@H@Z 1000c010 f i all_processes_injector.obj
 0001:0000b080       ?equivalent@error_category@std@@UBE_NABVerror_code@2@H@Z 1000c080 f i all_processes_injector.obj
 0001:0000b0b0       ?default_error_condition@error_category@std@@UBE?AVerror_condition@2@H@Z 1000c0b0 f i all_processes_injector.obj
 0001:0000b0d0       ?equivalent@error_category@std@@UBE_NHABVerror_condition@2@@Z 1000c0d0 f i all_processes_injector.obj
 0001:0000b110       ?system_category@std@@YAABVerror_category@1@XZ 1000c110 f i all_processes_injector.obj
 0001:0000b120       ??_E_System_error@std@@UAEPAXI@Z 1000c120 f i * CIL library *:* CIL module *
 0001:0000b120       ??_Esystem_error@std@@UAEPAXI@Z 1000c120 f i * CIL library *:* CIL module *
 0001:0000b120       ??_G_System_error@std@@UAEPAXI@Z 1000c120 f i all_processes_injector.obj
 0001:0000b120       ??_Gsystem_error@std@@UAEPAXI@Z 1000c120 f i all_processes_injector.obj
 0001:0000b150       ??0system_error@std@@QAE@ABV01@@Z 1000c150 f i all_processes_injector.obj
 0001:0000b1a0       ??0_System_error@std@@QAE@ABV01@@Z 1000c1a0 f i all_processes_injector.obj
 0001:0000b1f0       ??0runtime_error@std@@QAE@ABV01@@Z 1000c1f0 f i all_processes_injector.obj
 0001:0000b230       ?module_handle@wow64pp@@YA_KV?$basic_string_view@DU?$char_traits@D@std@@@std@@@Z 1000c230 f i all_processes_injector.obj
 0001:0000b490       ?GetLastErrorFail@details@wil@@YAKPAXIPBD110@Z 1000c490 f i all_processes_injector.obj
 0001:0000b500       ??$ReportFailure_GetLastError@$0A@@details@wil@@YAKPAXIPBD110@Z 1000c500 f i all_processes_injector.obj
 0001:0000b560       ?_Throw_GetLastError@in1diag3@details@wil@@YAXPAXIPBD@Z 1000c560 f i all_processes_injector.obj
 0001:0000b580       ?_Find_filename@filesystem@std@@YAPB_WQB_WPB_W@Z 1000c580 f i all_processes_injector.obj
 0001:0000b5d0       ?_Find_root_name_end@filesystem@std@@YAPB_WQB_W0@Z 1000c5d0 f i all_processes_injector.obj
 0001:0000b6f0       _wmemcmp                   1000c6f0 f i all_processes_injector.obj
 0001:0000b8b0       ?assign@?$basic_string@_WU?$char_traits@_W@std@@V?$allocator@_W@2@@std@@QAEAAV12@QB_WI@Z 1000c8b0 f i all_processes_injector.obj
 0001:0000b9d0       ??_0path@filesystem@std@@QAEAAV012@ABV012@@Z 1000c9d0 f i all_processes_injector.obj
 0001:0000bbf0       ?replace_filename@path@filesystem@std@@QAEAAV123@ABV123@@Z 1000cbf0 f i all_processes_injector.obj
 0001:0000c150       ?DllInject@0@YAXPAX000_N@Z 1000d150 f   dll_inject.obj
 0001:0000c850       ??1?$unique_any_t@V?$unique_storage@U?$handle_null_resource_policy@P6GHPAX@Z$1?CloseHandle@@YGH0@Z@details@wil@@@details@wil@@@wil@@QAE@XZ 1000d850 f i dll_inject.obj
 0001:0000c8f0       ??$call_function@_K_K_K_K_K@wow64pp@@YA_KAAVerror_code@std@@_K11111@Z 1000d8f0 f i dll_inject.obj
 0001:0000cb60       ??$call_function@_KK_K_K_K_KK_K_K_K_K@wow64pp@@YA_KAAVerror_code@std@@_K1K1111K1111@Z 1000db60 f i dll_inject.obj
 0001:0000ce70       ??$_Convert_Source_to_wide@$$BY04_WU_Normal_conversion@filesystem@std@@@filesystem@std@@YA?AV?$basic_string@_WU?$char_traits@_W@std@@V?$allocator@_W@2@@1@AAY04$$CB_WU_Normal_conversion@01@@Z 1000de70 f i storage_manager.obj
 0001:0000ce70       ??$_Convert_Source_to_wide@$$BY0BG@_WU_Normal_conversion@filesystem@std@@@filesystem@std@@YA?AV?$basic_string@_WU?$char_traits@_W@std@@V?$allocator@_W@2@@1@AAY0BG@$$CB_WU_Normal_conversion@01@@Z 1000de70 f i mod.obj
 0001:0000ce70       ??$_Convert_Source_to_wide@$$BY0N@_WU_Normal_conversion@filesystem@std@@@filesystem@std@@YA?AV?$basic_string@_WU?$char_traits@_W@std@@V?$allocator@_W@2@@1@AAY0N@$$CB_WU_Normal_conversion@01@@Z 1000de70 f i dll_inject.obj
 0001:0000cee0       ??$?0PAD$0A@@?$basic_string@DU?$char_traits@D@std@@V?$allocator@D@2@@std@@QAE@PAD0ABV?$allocator@D@1@@Z 1000dee0 f i dll_inject.obj
 0001:0000cfb0       ??$resize_and_overwrite@V<lambda_1>@?4???Kfilesystem@std@@YA?AVpath@23@ABV423@0@Z@@?$basic_string@_WU?$char_traits@_W@std@@V?$allocator@_W@2@@std@@QAEXIV<lambda_1>@?4???Kfilesystem@1@YA?AVpath@31@ABV431@0@Z@@Z 1000dfb0 f i dll_inject.obj
 0001:0000d110       ??Kfilesystem@std@@YA?AVpath@01@ABV201@0@Z 1000e110 f i dll_inject.obj
 0001:0000d2e0       ?PatchEtwEventWrite@EtwStealth@@YA_NXZ 1000e2e0 f   etw_stealth.obj
 0001:0000d4c0       ?SuppressForCurrentThread@EtwStealth@@YAXXZ 1000e4c0 f   etw_stealth.obj
 0001:0000d4e0       ?ResumeForCurrentThread@EtwStealth@@YAXXZ 1000e4e0 f   etw_stealth.obj
 0001:0000d510       ?wcsmatch@Functions@@YA_NPB_WI0I@Z 1000e510 f   functions.obj
 0001:0000d5a0       ?SplitStringToViews@Functions@@YA?AV?$vector@V?$basic_string_view@_WU?$char_traits@_W@std@@@std@@V?$allocator@V?$basic_string_view@_WU?$char_traits@_W@std@@@std@@@2@@std@@V?$basic_string_view@_WU?$char_traits@_W@std@@@3@_W@Z 1000e5a0 f   functions.obj
 0001:0000d7a0       ?ReplaceAll@Functions@@YA?AV?$basic_string@_WU?$char_traits@_W@std@@V?$allocator@_W@2@@std@@V?$basic_string_view@_WU?$char_traits@_W@std@@@3@00_N@Z 1000e7a0 f   functions.obj
 0001:0000dae0       ?DoesPathMatchPattern@Functions@@YA_NV?$basic_string_view@_WU?$char_traits@_W@std@@@std@@0_N@Z 1000eae0 f   functions.obj
 0001:0000deb0       ?MyCreateRemoteThread@Functions@@YAPAXPAXP6GK0@Z0K@Z 1000eeb0 f   functions.obj
 0001:0000e050       ?GetNtVersionNumbers@Functions@@YAXPAK00@Z 1000f050 f   functions.obj
 0001:0000e180       ?ModuleGetPDBInfo@Functions@@YA_NPAXPAU_GUID@@PAK@Z 1000f180 f   functions.obj
 0001:0000e2d0       ?GetModuleVersion@Functions@@YA?AV?$basic_string@DU?$char_traits@D@std@@V?$allocator@D@2@@std@@PAUHINSTANCE__@@@Z 1000f2d0 f   functions.obj
 0001:0000e6c0       ?SetThreadDescriptionIfAvailable@Functions@@YAJPAXPB_W@Z 1000f6c0 f   functions.obj
 0001:0000e7f0       ??$append@V?$basic_string_view@_WU?$char_traits@_W@std@@@std@@$0A@@?$basic_string@_WU?$char_traits@_W@std@@V?$allocator@_W@2@@std@@QAEAAV01@ABV?$basic_string_view@_WU?$char_traits@_W@std@@@1@II@Z 1000f7f0 f i functions.obj
 0001:0000e880       ??$ExpandEnvironmentStringsW@V?$basic_string@_WU?$char_traits@_W@std@@V?$allocator@_W@2@@std@@$0BAA@@wil@@YA?AV?$basic_string@_WU?$char_traits@_W@std@@V?$allocator@_W@2@@std@@PB_W@Z 1000f880 f i functions.obj
 0001:0000e930       ??1?$vector@V?$basic_string@_WU?$char_traits@_W@std@@V?$allocator@_W@2@@std@@V?$allocator@V?$basic_string@_WU?$char_traits@_W@std@@V?$allocator@_W@2@@std@@@2@@std@@QAE@XZ 1000f930 f i functions.obj
 0001:0000e940       ??$ExpandEnvironmentStringsW@V?$basic_string@_WU?$char_traits@_W@std@@V?$allocator@_W@2@@std@@$0BAA@@wil@@YAJPB_WAAV?$basic_string@_WU?$char_traits@_W@std@@V?$allocator@_W@2@@std@@@Z 1000f940 f i functions.obj
 0001:0000e990       ??E_Iterator@?$split_view@V?$basic_string_view@_WU?$char_traits@_W@std@@@std@@V?$single_view@_W@ranges@2@@ranges@std@@QAEAAV0123@XZ 1000f990 f i functions.obj
 0001:0000ea10       ?_Tidy@?$vector@V?$basic_string@_WU?$char_traits@_W@std@@V?$allocator@_W@2@@std@@V?$allocator@V?$basic_string@_WU?$char_traits@_W@std@@V?$allocator@_W@2@@std@@@2@@std@@AAEXXZ 1000fa10 f i functions.obj
 0001:0000eaa0       ?_Buy_nonzero@?$vector@V?$basic_string_view@_WU?$char_traits@_W@std@@@std@@V?$allocator@V?$basic_string_view@_WU?$char_traits@_W@std@@@std@@@2@@std@@AAEXI@Z 1000faa0 f i functions.obj
 0001:0000eb40       ?_Xran@?$basic_string_view@_WU?$char_traits@_W@std@@@std@@CAXXZ 1000fb40 f i functions.obj
 0001:0000eb50       ?__clone@?$__func@V<lambda_1>@?1???$ExpandEnvironmentStringsW@V?$basic_string@_WU?$char_traits@_W@std@@V?$allocator@_W@2@@std@@$0BAA@@wil@@YAJPB_WAAV?$basic_string@_WU?$char_traits@_W@std@@V?$allocator@_W@2@@std@@@Z@$$A6AJPA_WIPAI@Z@__function@wistd@@UBEXPAV?$__base@$$A6AJPA_WIPAI@Z@23@@Z 1000fb50 f i functions.obj
 0001:0000eb50       ?__move@?$__func@V<lambda_1>@?1???$ExpandEnvironmentStringsW@V?$basic_string@_WU?$char_traits@_W@std@@V?$allocator@_W@2@@std@@$0BAA@@wil@@YAJPB_WAAV?$basic_string@_WU?$char_traits@_W@std@@V?$allocator@_W@2@@std@@@Z@$$A6AJPA_WIPAI@Z@__function@wistd@@UAEXPAV?$__base@$$A6AJPA_WIPAI@Z@23@@Z 1000fb50 f i functions.obj
 0001:0000eb70       ??R?$__func@V<lambda_1>@?1???$ExpandEnvironmentStringsW@V?$basic_string@_WU?$char_traits@_W@std@@V?$allocator@_W@2@@std@@$0BAA@@wil@@YAJPB_WAAV?$basic_string@_WU?$char_traits@_W@std@@V?$allocator@_W@2@@std@@@Z@$$A6AJPA_WIPAI@Z@__function@wistd@@UAEJ$$QAPA_W$$QAI$$QAPAI@Z 1000fb70 f i functions.obj
 0001:0000ebc0       ??_E?$__func@V<lambda_1>@?1???$ExpandEnvironmentStringsW@V?$basic_string@_WU?$char_traits@_W@std@@V?$allocator@_W@2@@std@@$0BAA@@wil@@YAJPB_WAAV?$basic_string@_WU?$char_traits@_W@std@@V?$allocator@_W@2@@std@@@Z@$$A6AJPA_WIPAI@Z@__function@wistd@@UAEPAXI@Z 1000fbc0 f i * CIL library *:* CIL module *
 0001:0000ebc0       ??_E?$__func@V<lambda_1>@?1???$GetEnvironmentVariableW@V?$basic_string@_WU?$char_traits@_W@std@@V?$allocator@_W@2@@std@@$0IA@@wil@@YAJPB_WAAV?$basic_string@_WU?$char_traits@_W@std@@V?$allocator@_W@2@@std@@@Z@$$A6AJPA_WIPAI@Z@__function@wistd@@UAEPAXI@Z 1000fbc0 f i * CIL library *:* CIL module *
 0001:0000ebc0       ??_G?$__func@V<lambda_1>@?1???$ExpandEnvironmentStringsW@V?$basic_string@_WU?$char_traits@_W@std@@V?$allocator@_W@2@@std@@$0BAA@@wil@@YAJPB_WAAV?$basic_string@_WU?$char_traits@_W@std@@V?$allocator@_W@2@@std@@@Z@$$A6AJPA_WIPAI@Z@__function@wistd@@UAEPAXI@Z 1000fbc0 f i functions.obj
 0001:0000ebc0       ??_G?$__func@V<lambda_1>@?1???$GetEnvironmentVariableW@V?$basic_string@_WU?$char_traits@_W@std@@V?$allocator@_W@2@@std@@$0IA@@wil@@YAJPB_WAAV?$basic_string@_WU?$char_traits@_W@std@@V?$allocator@_W@2@@std@@@Z@$$A6AJPA_WIPAI@Z@__function@wistd@@UAEPAXI@Z 1000fbc0 f i storage_manager.obj
 0001:0000ebf0       ??Y?$basic_string@DU?$char_traits@D@std@@V?$allocator@D@2@@std@@QAEAAV01@D@Z 1000fbf0 f i functions.obj
 0001:0000ed20       ?to_string@std@@YA?AV?$basic_string@DU?$char_traits@D@std@@V?$allocator@D@2@@1@H@Z 1000fd20 f i functions.obj
 0001:0000edc0       ??1?$vector@UThreadCallStackRegionInfo@@V?$allocator@UThreadCallStackRegionInfo@@@std@@@std@@QAE@XZ 1000fdc0 f i mods_manager.obj
 0001:0000edc0       ??1?$vector@U_IMAGE_CHPE_RANGE_ENTRY@SymbolEnum@@V?$allocator@U_IMAGE_CHPE_RANGE_ENTRY@SymbolEnum@@@std@@@std@@QAE@XZ 1000fdc0 f i mod.obj
 0001:0000edc0       ?_Tidy@?$vector@V?$basic_string_view@_WU?$char_traits@_W@std@@@std@@V?$allocator@V?$basic_string_view@_WU?$char_traits@_W@std@@@std@@@2@@std@@AAEXXZ 1000fdc0 f i functions.obj
 0001:0000ee20       ??1?$vector@V?$basic_string_view@_WU?$char_traits@_W@std@@@std@@V?$allocator@V?$basic_string_view@_WU?$char_traits@_W@std@@@std@@@2@@std@@QAE@XZ 1000fe20 f i functions.obj
 0001:0000ee30       ?SetHook@HwbpHook@@YA_NPAX0PAPAXK@Z 1000fe30 f   hwbp_hook.obj
 0001:0000f1a0       ?RemoveHookAllThreads@HwbpHook@@YA_NPAX@Z 100101a0 f   hwbp_hook.obj
 0001:0000f3d0       ??$_Emplace_reallocate@ABUHookContext@HwbpHook@@@?$vector@UHookContext@HwbpHook@@V?$allocator@UHookContext@HwbpHook@@@std@@@std@@AAEPAUHookContext@HwbpHook@@QAU23@ABU23@@Z 100103d0 f i hwbp_hook.obj
 0001:0000f5b0       ??1?$lock_guard@Vmutex@std@@@std@@QAE@XZ 100105b0 f i hwbp_hook.obj
 0001:0000f5c0       ?lock@_Mutex_base@std@@QAEXXZ 100105c0 f i hwbp_hook.obj
 0001:0000f840       ?Initialize@InjectionMonitor@@YA_NXZ 10010840 f   injection_monitor.obj
 0001:0000f900       ?RegisterHookRegion@InjectionMonitor@@YA_NPAXI@Z 10010900 f   injection_monitor.obj
 0001:0000fac0       ??1?$_Hash_vec@V?$allocator@V?$_List_unchecked_const_iterator@V?$_List_val@U?$_List_simple_types@V?$basic_string@_WU?$char_traits@_W@std@@V?$allocator@_W@2@@std@@@std@@@std@@U_Iterator_base0@2@@std@@@std@@@std@@QAE@XZ 10010ac0 f i mods_manager.obj
 0001:0000fac0       ??1?$_Hash_vec@V?$allocator@V?$_List_unchecked_iterator@V?$_List_val@U?$_List_simple_types@U?$pair@$$CBV?$basic_string@_WU?$char_traits@_W@std@@V?$allocator@_W@2@@std@@VMod@@@std@@@std@@@std@@@std@@@std@@@std@@QAE@XZ 10010ac0 f i mods_manager.obj
 0001:0000fac0       ??1?$_Hash_vec@V?$allocator@V?$_List_unchecked_iterator@V?$_List_val@U?$_List_simple_types@U?$pair@QAXURegionInfo@InjectionMonitor@@@std@@@std@@@std@@@std@@@std@@@std@@QAE@XZ 10010ac0 f i injection_monitor.obj
 0001:0000fb20       ??1?$list@U?$pair@QAXURegionInfo@InjectionMonitor@@@std@@V?$allocator@U?$pair@QAXURegionInfo@InjectionMonitor@@@std@@@2@@std@@QAE@XZ 10010b20 f i injection_monitor.obj
 0001:0000fb60       ??A?$unordered_map@PAXURegionInfo@InjectionMonitor@@U?$hash@PAX@std@@U?$equal_to@PAX@4@V?$allocator@U?$pair@QAXURegionInfo@InjectionMonitor@@@std@@@4@@std@@QAEAAURegionInfo@InjectionMonitor@@ABQAX@Z 10010b60 f i injection_monitor.obj
 0001:0000fb80       ??$_Try_emplace@ABQAX$$V@?$_Hash@V?$_Umap_traits@PAXURegionInfo@InjectionMonitor@@V?$_Uhash_compare@PAXU?$hash@PAX@std@@U?$equal_to@PAX@2@@std@@V?$allocator@U?$pair@QAXURegionInfo@InjectionMonitor@@@std@@@4@$0A@@std@@@std@@IAE?AU?$pair@PAU?$_List_node@U?$pair@QAXURegionInfo@InjectionMonitor@@@std@@PAX@std@@_N@1@ABQAX@Z 10010b80 f i injection_monitor.obj
 0001:0000fe30       ??$_Find_last@PAX@?$_Hash@V?$_Umap_traits@PAXURegionInfo@InjectionMonitor@@V?$_Uhash_compare@PAXU?$hash@PAX@std@@U?$equal_to@PAX@2@@std@@V?$allocator@U?$pair@QAXURegionInfo@InjectionMonitor@@@std@@@4@$0A@@std@@@std@@IBE?AU?$_Hash_find_last_result@PAU?$_List_node@U?$pair@QAXURegionInfo@InjectionMonitor@@@std@@PAX@std@@@1@ABQAXI@Z 10010e30 f i injection_monitor.obj
 0001:0000fea0       ??1?$_Alloc_construct_ptr@V?$allocator@U?$_List_node@U?$pair@QAXURegionInfo@InjectionMonitor@@@std@@PAX@std@@@std@@@std@@QAE@XZ 10010ea0 f i injection_monitor.obj
 0001:0000fea0       ??1?$_List_node_emplace_op2@V?$allocator@U?$_List_node@U?$pair@QAXURegionInfo@InjectionMonitor@@@std@@PAX@std@@@std@@@std@@QAE@XZ 10010ea0 f i injection_monitor.obj
 0001:0000fec0       ?_Assign_grow@?$_Hash_vec@V?$allocator@V?$_List_unchecked_iterator@V?$_List_val@U?$_List_simple_types@U?$pair@QAXURegionInfo@InjectionMonitor@@@std@@@std@@@std@@@std@@@std@@@std@@QAEXIV?$_List_unchecked_iterator@V?$_List_val@U?$_List_simple_types@U?$pair@QAXURegionInfo@InjectionMonitor@@@std@@@std@@@std@@@2@@Z 10010ec0 f i injection_monitor.obj
 0001:0000ffd0       ?_Forced_rehash@?$_Hash@V?$_Umap_traits@PAXURegionInfo@InjectionMonitor@@V?$_Uhash_compare@PAXU?$hash@PAX@std@@U?$equal_to@PAX@2@@std@@V?$allocator@U?$pair@QAXURegionInfo@InjectionMonitor@@@std@@@4@$0A@@std@@@std@@IAEXI@Z 10010fd0 f i injection_monitor.obj
 0001:00010150       _ceilf                     10011150 f i injection_monitor.obj
 0001:00010280       ??0ScopedThreadVerbosity@Logger@@QAE@W4Verbosity@LoggerBase@@@Z 10011280 f   logger.obj
 0001:00010320       ??1ScopedThreadVerbosity@Logger@@QAE@XZ 10011320 f   logger.obj
 0001:000103c0       ?GetInstance@Logger@@SAAAV1@XZ 100113c0 f   logger.obj
 0001:000104e0       ?ShouldLog@Logger@@QAE_NW4Verbosity@LoggerBase@@@Z 100114e0 f   logger.obj
 0001:00010520       ?GetThreadVerbosity@Logger@@CAAAV?$optional@W4Verbosity@LoggerBase@@@std@@XZ 10011520 f   logger.obj
 0001:00010790       ??1?$_Func_class@PAPAUCallbacks@SymbolEnum@@$$V@std@@QAE@XZ 10011790 f i symbol_enum.obj
 0001:00010790       ??1?$_Func_class@PAV?$optional@W4Verbosity@LoggerBase@@@std@@$$V@std@@QAE@XZ 10011790 f i logger.obj
 0001:00010790       ??1?$_Func_class@XH@std@@QAE@XZ 10011790 f i mod.obj
 0001:00010790       ??1?$_Func_class@XPAPAUCallbacks@SymbolEnum@@@std@@QAE@XZ 10011790 f i symbol_enum.obj
 0001:00010790       ??1?$_Func_class@XPAV?$optional@W4Verbosity@LoggerBase@@@std@@@std@@QAE@XZ 10011790 f i logger.obj
 0001:00010790       ??1?$_Func_class@_N$$V@std@@QAE@XZ 10011790 f i mod.obj
 0001:00010790       ??1?$function@$$A6APAPAUCallbacks@SymbolEnum@@XZ@std@@QAE@XZ 10011790 f i symbol_enum.obj
 0001:00010790       ??1?$function@$$A6APAV?$optional@W4Verbosity@LoggerBase@@@std@@XZ@std@@QAE@XZ 10011790 f i logger.obj
 0001:00010790       ??1?$function@$$A6AXPAPAUCallbacks@SymbolEnum@@@Z@std@@QAE@XZ 10011790 f i symbol_enum.obj
 0001:00010790       ??1?$function@$$A6AXPAV?$optional@W4Verbosity@LoggerBase@@@std@@@Z@std@@QAE@XZ 10011790 f i logger.obj
 0001:00010790       ??1?$function@$$A6AXPB_W@Z@std@@QAE@XZ 10011790 f i mods_manager.obj
 0001:000107c0       ?default_exit@?$ThreadLocal@PAUCallbacks@SymbolEnum@@@@CGXPAX@Z 100117c0 f i symbol_enum.obj
 0001:000107c0       ?default_exit@?$ThreadLocal@V?$optional@W4Verbosity@LoggerBase@@@std@@@@CGXPAX@Z 100117c0 f i logger.obj
 0001:00010810       ?_Delete_this@?$_Func_impl_no_alloc@U?$default_delete@PAUCallbacks@SymbolEnum@@@std@@XPAPAUCallbacks@SymbolEnum@@@std@@EAEX_N@Z 10011810 f i symbol_enum.obj
 0001:00010810       ?_Delete_this@?$_Func_impl_no_alloc@U?$default_delete@V?$optional@W4Verbosity@LoggerBase@@@std@@@std@@XPAV?$optional@W4Verbosity@LoggerBase@@@2@@std@@EAEX_N@Z 10011810 f i logger.obj
 0001:00010810       ?_Delete_this@?$_Func_impl_no_alloc@V<lambda_5_>@?0???0?$ThreadLocal@PAUCallbacks@SymbolEnum@@@@QAE@XZ@PAPAUCallbacks@SymbolEnum@@$$V@std@@EAEX_N@Z 10011810 f i symbol_enum.obj
 0001:00010810       ?_Delete_this@?$_Func_impl_no_alloc@V<lambda_5_>@?0???0?$ThreadLocal@V?$optional@W4Verbosity@LoggerBase@@@std@@@@QAE@XZ@PAV?$optional@W4Verbosity@LoggerBase@@@std@@$$V@std@@EAEX_N@Z 10011810 f i logger.obj
 0001:00010830       ?_Get@?$_Func_impl_no_alloc@U?$default_delete@PAUCallbacks@SymbolEnum@@@std@@XPAPAUCallbacks@SymbolEnum@@@std@@EBEPBXXZ 10011830 f i symbol_enum.obj
 0001:00010830       ?_Get@?$_Func_impl_no_alloc@U?$default_delete@V?$optional@W4Verbosity@LoggerBase@@@std@@@std@@XPAV?$optional@W4Verbosity@LoggerBase@@@2@@std@@EBEPBXXZ 10011830 f i logger.obj
 0001:00010830       ?_Get@?$_Func_impl_no_alloc@V<lambda_5_>@?0???0?$ThreadLocal@PAUCallbacks@SymbolEnum@@@@QAE@XZ@PAPAUCallbacks@SymbolEnum@@$$V@std@@EBEPBXXZ 10011830 f i symbol_enum.obj
 0001:00010830       ?_Get@?$_Func_impl_no_alloc@V<lambda_5_>@?0???0?$ThreadLocal@V?$optional@W4Verbosity@LoggerBase@@@std@@@@QAE@XZ@PAV?$optional@W4Verbosity@LoggerBase@@@std@@$$V@std@@EBEPBXXZ 10011830 f i logger.obj
 0001:00010840       ?_Target_type@?$_Func_impl_no_alloc@U?$default_delete@V?$optional@W4Verbosity@LoggerBase@@@std@@@std@@XPAV?$optional@W4Verbosity@LoggerBase@@@2@@std@@EBEABVtype_info@@XZ 10011840 f i logger.obj
 0001:00010850       ?_Do_call@?$_Func_impl_no_alloc@U?$default_delete@V?$optional@W4Verbosity@LoggerBase@@@std@@@std@@XPAV?$optional@W4Verbosity@LoggerBase@@@2@@std@@EAEX$$QAPAV?$optional@W4Verbosity@LoggerBase@@@2@@Z 10011850 f i logger.obj
 0001:00010870       ?_Copy@?$_Func_impl_no_alloc@U?$default_delete@V?$optional@W4Verbosity@LoggerBase@@@std@@@std@@XPAV?$optional@W4Verbosity@LoggerBase@@@2@@std@@EBEPAV?$_Func_base@XPAV?$optional@W4Verbosity@LoggerBase@@@std@@@2@PAX@Z 10011870 f i logger.obj
 0001:00010870       ?_Move@?$_Func_impl_no_alloc@U?$default_delete@V?$optional@W4Verbosity@LoggerBase@@@std@@@std@@XPAV?$optional@W4Verbosity@LoggerBase@@@2@@std@@EAEPAV?$_Func_base@XPAV?$optional@W4Verbosity@LoggerBase@@@std@@@2@PAX@Z 10011870 f i logger.obj
 0001:00010880       ?_Target_type@?$_Func_impl_no_alloc@V<lambda_5_>@?0???0?$ThreadLocal@V?$optional@W4Verbosity@LoggerBase@@@std@@@@QAE@XZ@PAV?$optional@W4Verbosity@LoggerBase@@@std@@$$V@std@@EBEABVtype_info@@XZ 10011880 f i logger.obj
 0001:00010890       ?_Do_call@?$_Func_impl_no_alloc@V<lambda_5_>@?0???0?$ThreadLocal@V?$optional@W4Verbosity@LoggerBase@@@std@@@@QAE@XZ@PAV?$optional@W4Verbosity@LoggerBase@@@std@@$$V@std@@EAEPAV?$optional@W4Verbosity@LoggerBase@@@2@XZ 10011890 f i logger.obj
 0001:000108a0       ?_Copy@?$_Func_impl_no_alloc@V<lambda_5_>@?0???0?$ThreadLocal@V?$optional@W4Verbosity@LoggerBase@@@std@@@@QAE@XZ@PAV?$optional@W4Verbosity@LoggerBase@@@std@@$$V@std@@EBEPAV?$_Func_base@PAV?$optional@W4Verbosity@LoggerBase@@@std@@$$V@2@PAX@Z 100118a0 f i logger.obj
 0001:000108a0       ?_Move@?$_Func_impl_no_alloc@V<lambda_5_>@?0???0?$ThreadLocal@V?$optional@W4Verbosity@LoggerBase@@@std@@@@QAE@XZ@PAV?$optional@W4Verbosity@LoggerBase@@@std@@$$V@std@@EAEPAV?$_Func_base@PAV?$optional@W4Verbosity@LoggerBase@@@std@@$$V@2@PAX@Z 100118a0 f i logger.obj
 0001:000108b0       ??0system_error@std@@QAE@HABVerror_category@1@PBD@Z 100118b0 f i logger.obj
 0001:000109a0       ??1Callbacks@SymbolEnum@@QAE@XZ 100119a0 f i mod.obj
 0001:000109f0       ??0Callbacks@SymbolEnum@@QAE@$$QAU01@@Z 100119f0 f i mod.obj
 0001:00011330       ??1?$unique_any_t@V?$unique_storage@U?$handle_invalid_resource_policy@P6GHPAX@Z$1?CloseHandle@@YGH0@Z@details@wil@@@details@wil@@@wil@@QAE@XZ 10012330 f i mod.obj
 0001:000123c0       ??1?$unique_any_t@V?$unique_storage@U?$resource_policy@PAUHINSTANCE__@@P6GHPAU1@@Z$1?FreeLibrary@@YGH0@ZU?$integral_constant@I$0A@@wistd@@PAU1@PAU1@$0A@$$T@details@wil@@@details@wil@@@wil@@QAE@XZ 100133c0 f i mod.obj
 0001:00013f60       ??0LoadedMod@@QAE@PB_W00_N11@Z 10014f60 f   mod.obj
 0001:00014440       ??1LoadedMod@@QAE@XZ       10015440 f   mod.obj
 0001:000147f0       ?Initialize@LoadedMod@@QAE_NXZ 100157f0 f   mod.obj
 0001:00014b50       ?GetIntValue@LoadedMod@@QAEHPB_WH@Z 10015b50 f   mod.obj
 0001:00014d20       ?SetIntValue@LoadedMod@@QAEHPB_WH@Z 10015d20 f   mod.obj
 0001:00014ef0       ?GetStringValue@LoadedMod@@QAEIPB_WPA_WI@Z 10015ef0 f   mod.obj
 0001:000151a0       ?SetStringValue@LoadedMod@@QAEHPB_W0@Z 100161a0 f   mod.obj
 0001:00015370       ?GetBinaryValue@LoadedMod@@QAEIPB_WPAXI@Z 10016370 f   mod.obj
 0001:00015620       ?SetBinaryValue@LoadedMod@@QAEHPB_WPBXI@Z 10016620 f   mod.obj
 0001:000157b0       ?DeleteValue@LoadedMod@@QAEHPB_W@Z 100167b0 f   mod.obj
 0001:00015940       ?GetModStoragePath@LoadedMod@@QAEIPA_WI@Z 10016940 f   mod.obj
 0001:00015b50       ?GetIntSetting@LoadedMod@@QAEHPB_WPAD@Z 10016b50 f   mod.obj
 0001:00015de0       ?GetStringSetting@LoadedMod@@QAEPB_WPB_WPAD@Z 10016de0 f   mod.obj
 0001:000160d0       ?SetFunctionHook@LoadedMod@@QAEHPAX0PAPAX@Z 100170d0 f   mod.obj
 0001:00016440       ?RemoveFunctionHook@LoadedMod@@QAEHPAX@Z 10017440 f   mod.obj
 0001:00016640       ?ApplyHookOperations@LoadedMod@@QAEHXZ 10017640 f   mod.obj
 0001:00016870       ?FindFirstSymbol4@LoadedMod@@QAEPAXPAUHINSTANCE__@@PBUtagWH_FIND_SYMBOL_OPTIONS@@PAUtagWH_FIND_SYMBOL@@@Z 10017870 f   mod.obj
 0001:00017940       ?FindNextSymbol2@LoadedMod@@QAEHPAXPAUtagWH_FIND_SYMBOL@@@Z 10018940 f   mod.obj
 0001:00017a80       ??1SymbolEnum@@QAE@XZ      10018a80 f i mod.obj
 0001:00017b30       ??1ModuleInfo@SymbolEnum@@QAE@XZ 10018b30 f i mod.obj
 0001:00017b40       ??1?$unique_any_t@V?$unique_storage@U?$resource_policy@PA_WP6AXPA_W@Z$1?MySysFreeString@@YAX0@ZU?$integral_constant@I$0A@@wistd@@PA_WPA_W$0A@$$T@details@wil@@@details@wil@@@wil@@QAE@XZ 10018b40 f i mod.obj
 0001:00017b90       ?HookSymbols@LoadedMod@@QAEHPAUHINSTANCE__@@PBUtagWH_SYMBOL_HOOK@@IPBUtagWH_HOOK_SYMBOLS_OPTIONS@@@Z 10018b90 f   mod.obj
 0001:00018d70       ?GetUrlContent@LoadedMod@@QAEPBUtagWH_URL_CONTENT@@PB_WPBUtagWH_GET_URL_CONTENT_OPTIONS@@@Z 10019d70 f   mod.obj
 0001:00019970       ?HookSymbolsGetOnlineCache@LoadedMod@@AAE?AV?$optional@V?$basic_string@_WU?$char_traits@_W@std@@V?$allocator@_W@2@@std@@@std@@PB_WV?$basic_string_view@_WU?$char_traits@_W@std@@@3@@Z 1001a970 f   mod.obj
 0001:0001a0d0       ?SetTask@LoadedMod@@AAEXPB_W@Z 1001b0d0 f   mod.obj
 0001:0001a180       ??0Mod@@QAE@PB_W@Z         1001b180 f   mod.obj
 0001:0001a240       ?Load@Mod@@QAE_N_N@Z       1001b240 f   mod.obj
 0001:0001a630       ?BeforeUninit@Mod@@QAEXXZ  1001b630 f   mod.obj
 0001:0001a770       ?ApplyChangedSettings@Mod@@QAE_NPA_N@Z 1001b770 f   mod.obj
 0001:0001a9b0       ?ShouldLoadInRunningProcess@Mod@@SA_NPB_W@Z 1001b9b0 f   mod.obj
 0001:0001aeb0       ?SetStatus@Mod@@AAEXPB_W@Z 1001beb0 f   mod.obj
 0001:0001af60       ??$?H_WU?$char_traits@_W@std@@V?$allocator@_W@1@@std@@YA?AV?$basic_string@_WU?$char_traits@_W@std@@V?$allocator@_W@2@@0@$$QAV10@QB_W@Z 1001bf60 f i mod.obj
 0001:0001afc0       ??$QueryFullProcessImageNameW@V?$basic_string@_WU?$char_traits@_W@std@@V?$allocator@_W@2@@std@@$0BAA@@wil@@YA?AV?$basic_string@_WU?$char_traits@_W@std@@V?$allocator@_W@2@@std@@PAXK@Z 1001bfc0 f i mod.obj
 0001:0001b0e0       ??$swprintf_s@$0CJ@@@YAHAAY0CJ@_WPB_WZZ 1001c0e0 f i mod.obj
 0001:0001b100       ??$?H_WU?$char_traits@_W@std@@V?$allocator@_W@1@@std@@YA?AV?$basic_string@_WU?$char_traits@_W@std@@V?$allocator@_W@2@@0@QB_WABV10@@Z 1001c100 f i mod.obj
 0001:0001b160       ??$?H_WU?$char_traits@_W@std@@V?$allocator@_W@1@@std@@YA?AV?$basic_string@_WU?$char_traits@_W@std@@V?$allocator@_W@2@@0@QB_W$$QAV10@@Z 1001c160 f i mod.obj
 0001:0001b500       ??$make_unique@VSymbolEnum@@PB_WAAPAUHINSTANCE__@@AAY00$$CB_WAAW4UndecorateMode@1@$0A@@std@@YA?AV?$unique_ptr@VSymbolEnum@@U?$default_delete@VSymbolEnum@@@std@@@0@$$QAPB_WAAPAUHINSTANCE__@@AAY00$$CB_WAAW4UndecorateMode@SymbolEnum@@@Z 1001c500 f i mod.obj
 0001:0001b5f0       ??$swprintf_s@$0DN@@@YAHAAY0DN@_WPB_WZZ 1001c5f0 f i mod.obj
 0001:0001b720       ??1?$vector@V?$basic_string@DU?$char_traits@D@std@@V?$allocator@D@2@@std@@V?$allocator@V?$basic_string@DU?$char_traits@D@std@@V?$allocator@D@2@@std@@@2@@std@@QAE@XZ 1001c720 f i mod.obj
 0001:0001b7a0       ??1?$unique_ptr@UtagWH_URL_CONTENT@@U?$default_delete@UtagWH_URL_CONTENT@@@std@@@std@@QAE@XZ 1001c7a0 f i mod.obj
 0001:0001b7a0       ??1?$unique_ptr@VSandboxObject@ModSandbox@@U?$default_delete@VSandboxObject@ModSandbox@@@std@@@std@@QAE@XZ 1001c7a0 f i mod.obj
 0001:0001b980       ??1?$unique_ptr@VSymbolEnum@@U?$default_delete@VSymbolEnum@@@std@@@std@@QAE@XZ 1001c980 f i mod.obj
 0001:0001ba10       ??1?$com_ptr_t@UIDiaDataSource@@Uerr_exception_policy@wil@@@wil@@QAE@XZ 1001ca10 f i symbol_enum.obj
 0001:0001ba10       ??1?$com_ptr_t@UIDiaEnumSymbols@@Uerr_exception_policy@wil@@@wil@@QAE@XZ 1001ca10 f i mod.obj
 0001:0001ba10       ??1?$com_ptr_t@UIDiaSession@@Uerr_exception_policy@wil@@@wil@@QAE@XZ 1001ca10 f i symbol_enum.obj
 0001:0001ba10       ??1?$com_ptr_t@UIDiaSymbol@@Uerr_exception_policy@wil@@@wil@@QAE@XZ 1001ca10 f i mod.obj
 0001:0001ba60       ??1?$unique_ptr@VLoadedMod@@U?$default_delete@VLoadedMod@@@std@@@std@@QAE@XZ 1001ca60 f i mod.obj
 0001:0001ba80       ?starts_with@?$basic_string@_WU?$char_traits@_W@std@@V?$allocator@_W@2@@std@@QBE_NQB_W@Z 1001ca80 f i mod.obj
 0001:0001bac0       ?starts_with@?$basic_string@_WU?$char_traits@_W@std@@V?$allocator@_W@2@@std@@QBE_NV?$basic_string_view@_WU?$char_traits@_W@std@@@2@@Z 1001cac0 f i mod.obj
 0001:0001bb00       ?starts_with@?$basic_string_view@_WU?$char_traits@_W@std@@@std@@QBE_NQB_W@Z 1001cb00 f i mod.obj
 0001:0001bc20       ??$_Convert_Source_to_wide@V?$basic_string@_WU?$char_traits@_W@std@@V?$allocator@_W@2@@std@@U_Normal_conversion@filesystem@2@@filesystem@std@@YA?AV?$basic_string@_WU?$char_traits@_W@std@@V?$allocator@_W@2@@1@ABV21@U_Normal_conversion@01@@Z 1001cc20 f i mod.obj
 0001:0001bc80       ??0?$basic_string@_WU?$char_traits@_W@std@@V?$allocator@_W@2@@std@@QAE@U_String_constructor_concat_tag@1@AAV01@1@Z 1001cc80 f i mod.obj
 0001:0001be30       ??0?$basic_string@_WU?$char_traits@_W@std@@V?$allocator@_W@2@@std@@QAE@U_String_constructor_concat_tag@1@ABV01@QB_WI2I@Z 1001ce30 f i mod.obj
 0001:0001c580       ??$_Emplace_reallocate@V?$basic_string@DU?$char_traits@D@std@@V?$allocator@D@2@@std@@@?$vector@V?$basic_string@DU?$char_traits@D@std@@V?$allocator@D@2@@std@@V?$allocator@V?$basic_string@DU?$char_traits@D@std@@V?$allocator@D@2@@std@@@2@@std@@AAEPAV?$basic_string@DU?$char_traits@D@std@@V?$allocator@D@2@@1@QAV21@$$QAV21@@Z 1001d580 f i mod.obj
 0001:0001c770       ??$_Destroy_range@V?$allocator@V?$basic_string@DU?$char_traits@D@std@@V?$allocator@D@2@@std@@@std@@@std@@YAXPAV?$basic_string@DU?$char_traits@D@std@@V?$allocator@D@2@@0@QAV10@AAV?$allocator@V?$basic_string@DU?$char_traits@D@std@@V?$allocator@D@2@@std@@@0@@Z 1001d770 f i mod.obj
 0001:0001c7e0       ??$_Uninitialized_move@PAV?$basic_string@DU?$char_traits@D@std@@V?$allocator@D@2@@std@@V?$allocator@V?$basic_string@DU?$char_traits@D@std@@V?$allocator@D@2@@std@@@2@@std@@YAPAV?$basic_string@DU?$char_traits@D@std@@V?$allocator@D@2@@0@QAV10@0PAV10@AAV?$allocator@V?$basic_string@DU?$char_traits@D@std@@V?$allocator@D@2@@std@@@0@@Z 1001d7e0 f i mod.obj
 0001:0001c920       ??$_Reallocate_grow_by@V<lambda_1>@?1??insert@?$basic_string@_WU?$char_traits@_W@std@@V?$allocator@_W@2@@std@@QAEAAV34@IQB_WI@Z@IPB_WI@?$basic_string@_WU?$char_traits@_W@std@@V?$allocator@_W@2@@std@@AAEAAV01@IV<lambda_1>@?1??insert@01@QAEAAV01@IQB_WI@Z@IPB_WI@Z 1001d920 f i mod.obj
 0001:0001ca50       ?close_reset@?$close_invoke_helper@$00P6GXPAX@_E$1?ReleaseMutex@details@wil@@YGX0@ZPAX@details@wil@@SAXPAX@Z 1001da50 f i mod.obj
 0001:0001ca90       ?_Throw_Win32@in1diag3@details@wil@@YAXPAXIPBDK@Z 1001da90 f i mod.obj
 0001:0001cab0       ?append@?$basic_string@DU?$char_traits@D@std@@V?$allocator@D@2@@std@@QAEAAV12@ID@Z 1001dab0 f i mod.obj
 0001:0001cc20       ?append@?$basic_string@_WU?$char_traits@_W@std@@V?$allocator@_W@2@@std@@QAEAAV12@ABV12@@Z 1001dc20 f i mod.obj
 0001:0001cc90       ??$?8_WU?$char_traits@_W@std@@@std@@YA_NV?$basic_string_view@_WU?$char_traits@_W@std@@@0@0@Z 1001dc90 f i mod.obj
 0001:0001ccd0       ??$_Convert_Source_to_wide@V?$basic_string_view@_WU?$char_traits@_W@std@@@std@@U_Normal_conversion@filesystem@2@@filesystem@std@@YA?AV?$basic_string@_WU?$char_traits@_W@std@@V?$allocator@_W@2@@1@ABV?$basic_string_view@_WU?$char_traits@_W@std@@@1@U_Normal_conversion@01@@Z 1001dcd0 f i mod.obj
 0001:0001cd30       ?filename@path@filesystem@std@@QBE?AV123@XZ 1001dd30 f i mod.obj
 0001:0001cda0       ?to_wstring@std@@YA?AV?$basic_string@_WU?$char_traits@_W@std@@V?$allocator@_W@2@@1@_K@Z 1001dda0 f i mod.obj
 0001:0001cef0       ?close_reset@?$close_invoke_helper@$00P6GXPAX@_E$1?CloseHandle@details@wil@@YGX0@ZPAX@details@wil@@SAXPAX@Z 1001def0 f i mod.obj
 0001:0001cf40       ?ApplyThreadLimits@SandboxObject@ModSandbox@@QAE_NPAX@Z 1001df40 f   mod_sandbox.obj
 0001:0001d150       _InternalWh_IsLogEnabled   1001e150 f   mods_api.obj
 0001:0001d170       _InternalWh_Log            1001e170 f   mods_api.obj
 0001:0001d1f0       _InternalWh_GetIntValue    1001e1f0 f   mods_api.obj
 0001:0001d210       _InternalWh_SetIntValue    1001e210 f   mods_api.obj
 0001:0001d230       _InternalWh_GetStringValue 1001e230 f   mods_api.obj
 0001:0001d250       _InternalWh_SetStringValue 1001e250 f   mods_api.obj
 0001:0001d270       _InternalWh_GetBinaryValue 1001e270 f   mods_api.obj
 0001:0001d290       _InternalWh_SetBinaryValue 1001e290 f   mods_api.obj
 0001:0001d2b0       _InternalWh_DeleteValue    1001e2b0 f   mods_api.obj
 0001:0001d2c0       _InternalWh_GetModStoragePath 1001e2c0 f   mods_api.obj
 0001:0001d2e0       _InternalWh_GetIntSetting  1001e2e0 f   mods_api.obj
 0001:0001d300       _InternalWh_GetStringSetting 1001e300 f   mods_api.obj
 0001:0001d320       _InternalWh_FreeStringSetting 1001e320 f   mods_api.obj
 0001:0001d390       _InternalWh_SetFunctionHook 1001e390 f   mods_api.obj
 0001:0001d3b0       _InternalWh_RemoveFunctionHook 1001e3b0 f   mods_api.obj
 0001:0001d3c0       _InternalWh_ApplyHookOperations 1001e3c0 f   mods_api.obj
 0001:0001d3d0       ?InternalWh_FindFirstSymbol@@YAPAXPAXPAUHINSTANCE__@@PB_WPAE@Z 1001e3d0 f   mods_api.obj
 0001:0001d440       ?InternalWh_FindFirstSymbol2@@YAPAXPAXPAUHINSTANCE__@@PB_WPAUtagWH_FIND_SYMBOL@@@Z 1001e440 f   mods_api.obj
 0001:0001d490       ?InternalWh_FindFirstSymbol3@@YAPAXPAXPAUHINSTANCE__@@PBEPAUtagWH_FIND_SYMBOL@@@Z 1001e490 f   mods_api.obj
 0001:0001d500       _InternalWh_FindFirstSymbol4 1001e500 f   mods_api.obj
 0001:0001d520       ?InternalWh_FindNextSymbol@@YAHPAX0PAE@Z 1001e520 f   mods_api.obj
 0001:0001d560       _InternalWh_FindNextSymbol2 1001e560 f   mods_api.obj
 0001:0001d580       _InternalWh_FindCloseSymbol 1001e580 f   mods_api.obj
 0001:0001d5f0       _InternalWh_HookSymbols    1001e5f0 f   mods_api.obj
 0001:0001d610       _InternalWh_Disasm         1001e610 f   mods_api.obj
 0001:0001d6f0       _InternalWh_GetUrlContent  1001e6f0 f   mods_api.obj
 0001:0001d710       _InternalWh_FreeUrlContent 1001e710 f   mods_api.obj
 0001:0001d780       ??0ModsManager@@QAE@XZ     1001e780 f   mods_manager.obj
 0001:0001d9d0       ??1?$unordered_map@V?$basic_string@_WU?$char_traits@_W@std@@V?$allocator@_W@2@@std@@VMod@@U?$hash@V?$basic_string@_WU?$char_traits@_W@std@@V?$allocator@_W@2@@std@@@2@U?$equal_to@V?$basic_string@_WU?$char_traits@_W@std@@V?$allocator@_W@2@@std@@@2@V?$allocator@U?$pair@$$CBV?$basic_string@_WU?$char_traits@_W@std@@V?$allocator@_W@2@@std@@VMod@@@std@@@2@@std@@QAE@XZ 1001e9d0 f i mods_manager.obj
 0001:0001da00       ??1ModsManager@@QAE@XZ     1001ea00 f   mods_manager.obj
 0001:0001dc30       ?AfterInit@ModsManager@@QAEXXZ 1001ec30 f   mods_manager.obj
 0001:0001dd50       ?BeforeUninit@ModsManager@@QAEXXZ 1001ed50 f   mods_manager.obj
 0001:0001de20       ?ReloadModsAndSettings@ModsManager@@QAEXXZ 1001ee20 f   mods_manager.obj
[...]
 0003:0008813e       $N00020                    100dd13e     windhawk.exp
 0003:0008815b       $N00021                    100dd15b     windhawk.exp
 0003:00088177       $N00022                    100dd177     windhawk.exp
 0003:00088191       $N00023                    100dd191     windhawk.exp
 0003:000881aa       $N00024                    100dd1aa     windhawk.exp
 0003:000881c1       $N00025                    100dd1c1     windhawk.exp
 0003:000881d9       $N00026                    100dd1d9     windhawk.exp
 0003:000881e8       $N00027                    100dd1e8     windhawk.exp
 0003:00088206       $N00028                    100dd206     windhawk.exp
 0003:00088220       $N00029                    100dd220     windhawk.exp
 0003:0008823b       $N00030                    100dd23b     windhawk.exp
 0003:00088252       $N00031                    100dd252     windhawk.exp
 0003:00088754       .idata$6                   100dd754     ntdll:ntdll.dll
 0003:00088f4c       .idata$6                   100ddf4c     kernel32:KERNEL32.dll
 0003:00089086       .idata$6                   100de086     advapi32:ADVAPI32.dll
 0004:00000000       ?_Thread_exit_data_mutex@?A0x7f1b0160@@3Vmutex@std@@A 100df000     libcpmt:xnotify.obj
 0004:000000a0       ?__vcrt_flsindex@@3KA      100df0a0     libvcruntime:per_thread_data.obj
 0004:000000c0       ?errno_no_memory@@3HA      100df0c0     libucrt:errno.obj
 0004:000000c4       ?doserrno_no_memory@@3KA   100df0c4     libucrt:errno.obj
 0004:00000178       ?__acrt_flsindex@@3KA      100df178     libucrt:per_thread_data.obj
 0004:00000468       __mbctypes                 100df468     libucrt:mbctype.obj
 0004:00000570       __mbcasemaps               100df570     libucrt:mbctype.obj
 0004:00000670       ?__rgctypeflag@@3PADA      100df670     libucrt:mbctype.obj
 0004:00000678       ?__rgcode_page_info@@3PAUcode_page_info@@A 100df678     libucrt:mbctype.obj
 0004:000008d0       ?__dcrt_lowio_console_output_handle@@3PAXA 100df8d0     libucrt:initcon.obj
 0004:000008e0       ?__DAZ_ENABLED@?1??__set_fpsr_sse2@@9@9 100df8e0     libucrt:fpctrl.obj
 0004:00000904       ?g_TlsIndex@EtwStealth@@3KA 100df904     etw_stealth.obj
 0004:00000908       ?g_hooksMutex@?A0x8e05aadc@HwbpHook@@3Vmutex@std@@A 100df908     hwbp_hook.obj
 0004:00000938       ?g_RegionsMutex@InjectionMonitor@@3Vmutex@std@@A 100df938     injection_monitor.obj
 0004:00000968       _g_sbi                     100df968     Memory.obj
 0004:00000c30       ??_R0?AV<lambda_2>@?L@??FindFirstSymbol4@LoadedMod@@QAEPAXPAUHINSTANCE__@@PBUtagWH_FIND_SYMBOL_OPTIONS@@PAUtagWH_FIND_SYMBOL@@@Z@@8 100dfc30     mod.obj
 0004:00000cb8       ??_R0?AV<lambda_3>@?L@??FindFirstSymbol4@LoadedMod@@QAEPAXPAUHINSTANCE__@@PBUtagWH_FIND_SYMBOL_OPTIONS@@PAUtagWH_FIND_SYMBOL@@@Z@@8 100dfcb8     mod.obj
 0004:00000d40       ??_R0?AV<lambda_1>@?1???0ModsManager@@QAE@XZ@@8 100dfd40     mods_manager.obj
 0004:00000d78       ??_R0?AV<lambda_1>@?1??ReloadModsAndSettings@ModsManager@@QAEXXZ@@8 100dfd78     mods_manager.obj
 0004:00001758       ??_R0?AV?$_Func_impl_no_alloc@V<lambda_3>@?L@??FindFirstSymbol4@LoadedMod@@QAEPAXPAUHINSTANCE__@@PBUtagWH_FIND_SYMBOL_OPTIONS@@PAUtagWH_FIND_SYMBOL@@@Z@XH@std@@@8 100e0758     mod.obj
 0004:00001800       ??_R0?AV?$_Func_impl_no_alloc@V<lambda_2>@?L@??FindFirstSymbol4@LoadedMod@@QAEPAXPAUHINSTANCE__@@PBUtagWH_FIND_SYMBOL_OPTIONS@@PAUtagWH_FIND_SYMBOL@@@Z@_N$$V@std@@@8 100e0800     mod.obj
 0004:000018f8       ??_R0?AV?$_Func_impl_no_alloc@V<lambda_1>@?1??ReloadModsAndSettings@ModsManager@@QAEXXZ@XPB_W@std@@@8 100e08f8     mods_manager.obj
 0004:00001960       ??_R0?AV?$_Func_impl_no_alloc@V<lambda_1>@?1???0ModsManager@@QAE@XZ@XPB_W@std@@@8 100e0960     mods_manager.obj
 0004:00001c54       ??_R0?AUDiaLoadCallback@?A0x0a5fb974@@@8 100e0c54     symbol_enum.obj
 0004:00001d60       ?freq_cached@?1??_Query_perf_frequency@@9@4U?$atomic@_J@std@@A 100e0d60     libcpmt:xtime.obj
 0004:00001d68       ?_Thread_exit_data@?A0x7f1b0160@@3U_At_thread_exit_block@1@A 100e0d68     libcpmt:xnotify.obj
 0004:00001f00       ?__KERNEL32Function_GetSystemTimePreciseAsFileTime@?A0x995b63b9@@3P6GXPAU_FILETIME@@@ZA 100e0f00     libcpmt:winapisupp.obj
 0004:00001f04       ?__KERNEL32Function_GetTempPath2W@?A0x995b63b9@@3P6GKKPA_W@ZA 100e0f04     libcpmt:winapisupp.obj
 0004:00001f08       _GS_ExceptionRecord        100e0f08     LIBCMT:gs_report.obj
 0004:00001f58       _GS_ContextRecord          100e0f58     LIBCMT:gs_report.obj
 0004:00002224       ?g_tss_cv@@3U_RTL_CONDITION_VARIABLE@@A 100e1224     LIBCMT:thread_safe_statics.obj
 0004:00002228       ?g_tss_srw@@3U_RTL_SRWLOCK@@A 100e1228     LIBCMT:thread_safe_statics.obj
 0004:00002234       ?is_initialized_as_dll@@3_NA 100e1234     LIBCMT:utility.obj
 0004:00002235       ?module_local_atexit_table_initialized@@3_NA 100e1235     LIBCMT:utility.obj
 0004:00002238       ?module_local_atexit_table@@3U_onexit_table_t@@A 100e1238     LIBCMT:utility.obj
 0004:00002244       ?module_local_at_quick_exit_table@@3U_onexit_table_t@@A 100e1244     LIBCMT:utility.obj
 0004:00002250       ?__proc_attached@@3HA      100e1250     LIBCMT:dll_dllmain.obj
 0004:0000227c       ?__vcrt_startup_thread_ptd@@3U__vcrt_ptd@@A 100e127c     libvcruntime:per_thread_data.obj
 0004:000022a8       ___vcrt_lock_table         100e12a8     libvcruntime:locks.obj
 0004:000022c0       ___vcrt_locks_initialized  100e12c0     libvcruntime:locks.obj
 0004:000022c4       ?module_handles@@3PAPAUHINSTANCE__@@A 100e12c4     libvcruntime:winapi_downlevel.obj
 0004:000022d0       ?function_pointers@@3PAPAXA 100e12d0     libvcruntime:winapi_downlevel.obj
 0004:000022e4       ?__acrt_invalid_parameter_handler@@3V?$dual_state_global@P6AXPB_W00II@Z@__crt_state_management@@A 100e12e4     libucrt:invalid_parameter.obj
 0004:000022f0       ?__acrt_new_handler@@3V?$dual_state_global@P6AHI@Z@__crt_state_management@@A 100e12f0     libucrt:new_handler.obj
 0004:000022f4       ?c_termination_complete@@3JA 100e12f4     libucrt:exit.obj
 0004:000022f8       ?thread_local_exit_callback_func@@3P6GXPAXK0@ZA 100e12f8     libucrt:exit.obj
 0004:000022fc       ?c_exit_complete@?1???R<lambda_6e4b09c48022b2350581041d5f6b0c4c>@@QBE@XZ@4_NA 100e12fc     libucrt:exit.obj
 0004:00002300       ?program_name@?1???$common_configure_argv@D@@YAHW4_crt_argv_mode@@@Z@4PADA 100e1300     libucrt:argv_parsing.obj
 0004:00002430       ?internal_state@?1??_mbtowc_internal@@9@4U_Mbstatet@@A 100e1430     libucrt:mbtowc.obj
 0004:00002438       ?internal_pst@?1??__mbrtoc32_utf8@__crt_mbstring@@YAIPA_UPBDIPAU_Mbstatet@@AAV__crt_cached_ptd_host@@@Z@4U3@A 100e1438     libucrt:mbrtoc32.obj
 0004:00002440       ?enable_percent_n@@3IA     100e1440     libucrt:printf_count_output.obj
 0004:0000265c       ?ctrlc_action@@3V?$dual_state_global@P6AXH@Z@__crt_state_management@@A 100e165c     libucrt:signal.obj
 0004:00002660       ?ctrlbreak_action@@3V?$dual_state_global@P6AXH@Z@__crt_state_management@@A 100e1660     libucrt:signal.obj
 0004:00002664       ?abort_action@@3V?$dual_state_global@P6AXH@Z@__crt_state_management@@A 100e1664     libucrt:signal.obj
 0004:00002668       ?term_action@@3V?$dual_state_global@P6AXH@Z@__crt_state_management@@A 100e1668     libucrt:signal.obj
 0004:00002670       ?module_handles@@3PAPAUHINSTANCE__@@A 100e1670     libucrt:winapi_thunks.obj
 0004:000026cc       ?state_cache@?1???$get_cached_win_policy@Ubegin_thread_init_policy_properties@?1??__acrt_get_begin_thread_init_policy@@YA?AW4begin_thread_init_policy@@XZ@@@YA?AW4begin_thread_init_policy@@W4AppPolicyThreadInitializationType@@@Z@4JA 100e16cc     libucrt:win_policies.obj
 0004:000026d0       ?__acrt_lock_table@@3PAU_RTL_CRITICAL_SECTION@@A 100e16d0     libucrt:locks.obj
 0004:00002838       ?__acrt_locks_initialized@@3IA 100e1838     libucrt:locks.obj
 0004:00002848       ?fSystemSet@@3HA           100e1848     libucrt:mbctype.obj
 0004:0000284c       ?initialized@?1??__acrt_initialize_multibyte@@9@4_NA 100e184c     libucrt:mbctype.obj
 0004:0000286c       ?user_matherr@@3V?$dual_state_global@P6AHPAU_exception@@@Z@__crt_state_management@@A 100e186c     libucrt:matherr.obj
 0004:00002870       ?__acrt_global_new_mode@@3V?$dual_state_global@J@__crt_state_management@@A 100e1870     libucrt:new_mode.obj
 0004:0000287c       ?__acrt_app_type@@3W4_crt_app_type@@A 100e187c     libucrt:report_runtime_error.obj
 0004:00002880       __pmatherr_set             100e1880     libucrt:libm_error.obj
 0004:000028f8       ?static_init_once_flag_@?3??GetThreadContext64@?A0x2fc73eb2@@YAXPAXPAU_CONTEXT@@@Z@4Uonce_flag@std@@A 100e18f8     all_processes_injector.obj
 0004:00002990       ?static_init_once_flag_@?3??GetNativeMachine@?A0x2fc73eb2@@YAGXZ@4Uonce_flag@std@@A 100e1990     all_processes_injector.obj
 0004:00002994       ?get_proc_address_once_flag_@?3??GetProcessArch@?A0x5857acc8@@YAGPAX@Z@4Uonce_flag@std@@A 100e1994     dll_inject.obj
 0004:00002998       ?get_proc_address_once_flag_@?6??MyQueueUserAPC@?A0x5857acc8@@YAXP6GXPAX00@Z00G@Z@4Uonce_flag@std@@A 100e1998     dll_inject.obj
 0004:0000299c       ?static_init_once_flag_@?3??NtCreateThreadEx64@?A0x5857acc8@@YAXPAPAXKPAX1P6GJ1@Z1K_K331@Z@4Uonce_flag@std@@A 100e199c     dll_inject.obj
 0004:000029a0       ?static_init_once_flag_@?3??NtQueueApcThread64@?A0x5857acc8@@YAXPAXP6GX000@Z000@Z@4Uonce_flag@std@@A 100e19a0     dll_inject.obj
 0004:000029a4       ?get_proc_address_once_flag_@?3??SetThreadDescriptionIfAvailable@Functions@@YAJPAXPB_W@Z@4Uonce_flag@std@@A 100e19a4     functions.obj
 0004:000029a8       ?get_proc_address_once_flag_@?3??GetModuleVersion@Functions@@YA?AV?$basic_string@DU?$char_traits@D@std@@V?$allocator@D@2@@std@@PAUHINSTANCE__@@@Z@4Uonce_flag@4@A 100e19a8     functions.obj
 0004:000029ac       ?get_proc_address_once_flag_@?3??GetNtVersionNumbers@Functions@@YAXPAK00@Z@4Uonce_flag@std@@A 100e19ac     functions.obj
 0004:000029b0       ?get_proc_address_once_flag_@?3??MyCreateRemoteThread@Functions@@YAPAXPAXP6GK0@Z0K@Z@4Uonce_flag@std@@A 100e19b0     functions.obj
 0004:000029b4       ?static_init_once_flag_@?3??GetThreadVerbosity@Logger@@CAAAV?$optional@W4Verbosity@LoggerBase@@@std@@XZ@4Uonce_flag@4@A 100e19b4     logger.obj
 0004:000029b8       ?static_init_once_flag_@?3??GetInstance@Logger@@SAAAV2@XZ@4Uonce_flag@std@@A 100e19b8     logger.obj
 0004:000029bc       ?static_init_once_flag_@?BG@??GetUrlContent@LoadedMod@@QAEPBUtagWH_URL_CONTENT@@PB_WPBUtagWH_GET_URL_CONTENT_OPTIONS@@@Z@4Uonce_flag@std@@A 100e19bc     mod.obj
 0004:000029c9       ?g_bIsPatched@EtwStealth@@3_NA 100e19c9     etw_stealth.obj
 0004:000029ca       ?g_initialized@?A0x8e05aadc@HwbpHook@@3_NA 100e19ca     hwbp_hook.obj
 0004:000029cb       ?g_bInitialized@InjectionMonitor@@3_NA 100e19cb     injection_monitor.obj
 0004:000029cc       ?g_pOriginalEtwEventWrite@EtwStealth@@3PAXA 100e19cc     etw_stealth.obj
 0004:000029d0       ?g_symbolServerCallbacks@?A0x0a5fb974@@3V?$ThreadLocal@PAUCallbacks@SymbolEnum@@@@A 100e19d0     symbol_enum.obj
 0004:00002a28       ?g_pTargetEtwEventWrite@EtwStealth@@3PAXA 100e1a28     etw_stealth.obj
 0004:00002a2c       ?g_hooks@?A0x8e05aadc@HwbpHook@@3V?$vector@UHookContext@HwbpHook@@V?$allocator@UHookContext@HwbpHook@@@std@@@std@@A 100e1a2c     hwbp_hook.obj
 0004:00002a38       ?g_MonitoredRegions@InjectionMonitor@@3V?$unordered_map@PAXURegionInfo@InjectionMonitor@@U?$hash@PAX@std@@U?$equal_to@PAX@4@V?$allocator@U?$pair@QAXURegionInfo@InjectionMonitor@@@std@@@4@@std@@A 100e1a38     injection_monitor.obj
 0004:00002a58       ?g_VehHandle@InjectionMonitor@@3PAXA 100e1a58     injection_monitor.obj
 0004:00002a5c       _g_bulkErrorCallback       100e1a5c     MinHook.obj
 0004:00002a60       _g_bulkContinueOnError     100e1a60     MinHook.obj
 0004:00002a64       _g_threadFreezeMethod      100e1a64     MinHook.obj
 0004:00002a68       _g_initialized             100e1a68     MinHook.obj
 0004:00002a6c       _g_criticalSection         100e1a6c     MinHook.obj
 0004:00002a84       _s_ulSystemRegionLowUpperBound 100e1a84     Memory.obj
 0004:00002a88       _s_ulSystemRegionLowLowerBound 100e1a88     Memory.obj
 0004:00002a8c       __detour_memory_heap       100e1a8c     Memory.obj
 0004:00002a90       _g_CurrentThreadSkipped    100e1a90     Thread.obj
 0004:00002a94       _g_PrevThreadHandle        100e1a94     Thread.obj
 0004:00002a98       _s_Handles                 100e1a98     Thread.obj
 0004:00002b18       _s_pRegion                 100e1b18     Trampoline.obj
 0004:00002b1c       _s_pRegions                100e1b1c     Trampoline.obj
 0004:00002b20       _s_nPendingThreadId        100e1b20     Transaction.obj
 0004:00002b24       _s_pPendingOperations      100e1b24     Transaction.obj
 0004:00002b28       _s_ulSuspendedThreadCount  100e1b28     Transaction.obj
 0004:00002b2c       _s_phSuspendedThreads      100e1b2c     Transaction.obj
 0004:00002b30       __threadscan_memory_heap   100e1b30     Memory.obj
 0004:00002b38       _s_Handles                 100e1b38     Thread.obj
 0004:00002bb8       ?static_init_once_flag_@?3??GetInstance@CustomizationSession@@CAAAV?$optional@VCustomizationSession@@@std@@XZ@4Uonce_flag@4@A 100e1bb8     customization_session.obj
 0004:00002bbc       ?get_proc_address_once_flag_@?3??CurrentProcessHasMitigationPolicy@?A0x63da581d@@YA_NXZ@4Uonce_flag@std@@A 100e1bbc     customization_session.obj
 0004:00002bc0       ?get_proc_address_once_flag_@?3??GetFirstThreadOfCurrentProcess@?A0x63da581d@@YA?AV?$optional@PAX@std@@K@Z@4Uonce_flag@4@A 100e1bc0     customization_session.obj
 0004:00002bc8       ?static_init_once_flag_@?3??GetInstance@StorageManager@@SAAAV2@XZ@4Uonce_flag@std@@A 100e1bc8     storage_manager.obj
 0004:00002bcc       ?get_proc_address_once_flag_@?BF@??PathFromStorage@?A0x7539b29f@@YA?AVpath@filesystem@std@@ABVPortableSettings@@PB_WABV345@@Z@4Uonce_flag@5@A 100e1bcc     storage_manager.obj
 0004:00002bd0       ?get_proc_address_once_flag_@?N@??PathFromStorage@?A0x7539b29f@@YA?AVpath@filesystem@std@@ABVPortableSettings@@PB_WABV345@@Z@4Uonce_flag@5@A 100e1bd0     storage_manager.obj
 0004:00002c48       ?get_proc_address_once_flag_@?3??MySysFreeString@@YAXPA_W@Z@4Uonce_flag@std@@A 100e1c48     symbol_enum.obj
 0004:00002c4c       ?nativeMachine@?1??GetNativeMachine@?A0x2fc73eb2@@YAGXZ@4GA 100e1c4c     all_processes_injector.obj
 0004:00002c50       ?pNtGetContextThread@?1??GetThreadContext64@?A0x2fc73eb2@@YAXPAXPAU_CONTEXT@@@Z@4_KA 100e1c50     all_processes_injector.obj
 0004:00002c58       ?pNtQueueApcThread@?1??NtQueueApcThread64@?A0x5857acc8@@YAXPAXP6GX000@Z000@Z@4_KA 100e1c58     dll_inject.obj
 0004:00002c60       ?pNtCreateThreadEx@?1??NtCreateThreadEx64@?A0x5857acc8@@YAXPAPAXKPAX1P6GJ1@Z1K_K331@Z@4_KA 100e1c60     dll_inject.obj
 0004:00002c68       ?pNtQueueApcThread@?1??MyQueueUserAPC@?A0x5857acc8@@YAXP6GXPAX00@Z00G@Z@4P6GJ01000@ZA 100e1c68     dll_inject.obj
 0004:00002c6c       ?pGetProcessInformation@?1??GetProcessArch@?A0x5857acc8@@YAGPAX@Z@4P6GH0W4_PROCESS_INFORMATION_CLASS@@0K@ZA 100e1c6c     dll_inject.obj
 0004:00002c70       ?pNtCreateThreadEx@?1??MyCreateRemoteThread@Functions@@YAPAXPAXP6GK0@Z0K@Z@4P6GJPAPAXK0000KKKK0@ZA 100e1c70     functions.obj
 0004:00002c74       ?pRtlGetNtVersionNumbers@?1??GetNtVersionNumbers@Functions@@YAXPAK00@Z@4P6GX000@ZA 100e1c74     functions.obj
 0004:00002c78       ?get_proc_address_once_module_@?1???R<lambda_1>@?3??GetModuleVersion@Functions@@YA?AV?$basic_string@DU?$char_traits@D@std@@V?$allocator@D@2@@std@@PAUHINSTANCE__@@@Z@QBE@XZ@4PAU6@A 100e1c78     functions.obj
 0004:00002c7c       ?$TSS0@?1???R<lambda_1>@?3??GetModuleVersion@Functions@@YA?AV?$basic_string@DU?$char_traits@D@std@@V?$allocator@D@2@@std@@PAUHINSTANCE__@@@Z@QBE@XZ@4HA 100e1c7c     functions.obj
 0004:00002c80       ?pVerQueryValueW@?1??GetModuleVersion@Functions@@YA?AV?$basic_string@DU?$char_traits@D@std@@V?$allocator@D@2@@std@@PAUHINSTANCE__@@@Z@4P6GHPBXPB_WPAPAXPAI@ZA 100e1c80     functions.obj
 0004:00002c84       ?get_proc_address_once_module_@?1???R<lambda_1>@?3??SetThreadDescriptionIfAvailable@Functions@@YAJPAXPB_W@Z@QBE@XZ@4PAUHINSTANCE__@@A 100e1c84     functions.obj
 0004:00002c88       ?$TSS0@?1???R<lambda_1>@?3??SetThreadDescriptionIfAvailable@Functions@@YAJPAXPB_W@Z@QBE@XZ@4HA 100e1c88     functions.obj
 0004:00002c8c       ?pSetThreadDescription@?1??SetThreadDescriptionIfAvailable@Functions@@YAJPAXPB_W@Z@4P6GJ01@ZA 100e1c8c     functions.obj
 0004:00002c90       ?static_init_once_storage_@?3??GetInstance@Logger@@SAAAV2@XZ@4PADA 100e1c90     logger.obj
 0004:00002cd0       ?static_init_once_storage_@?3??GetThreadVerbosity@Logger@@CAAAV?$optional@W4Verbosity@LoggerBase@@@std@@XZ@4PADA 100e1cd0     logger.obj
 0004:00002d28       ?$TSS0@?1??GetWindowsVersionForLogging@?A0x64030c04@@YA?AV?$basic_string@_WU?$char_traits@_W@std@@V?$allocator@_W@2@@std@@XZ@4HA 100e1d28     mod.obj
 0004:00002d2c       ?result@?1??GetWindowsVersionForLogging@?A0x64030c04@@YA?AV?$basic_string@_WU?$char_traits@_W@std@@V?$allocator@_W@2@@std@@XZ@4V34@B 100e1d2c     mod.obj
 0004:00002d44       ?static_init_once_storage_@?BG@??GetUrlContent@LoadedMod@@QAEPBUtagWH_URL_CONTENT@@PB_WPBUtagWH_GET_URL_CONTENT_OPTIONS@@@Z@4PADA 100e1d44     mod.obj
 0004:00002d70       ?$TSS0@?1??GetSetThreadInformation@?A0xd1b71d35@ModSandbox@@YAP6GHPAXW4_THREAD_INFORMATION_CLASS@@0K@ZXZ@4HA 100e1d70     mod_sandbox.obj
 0004:00002d74       ?setThreadInformation@?1??GetSetThreadInformation@?A0xd1b71d35@ModSandbox@@YAP6GHPAXW4_THREAD_INFORMATION_CLASS@@0K@ZXZ@4P6GH010K@ZA 100e1d74     mod_sandbox.obj
 0004:00002d80       ?pNtGetNextThread@?1??GetFirstThreadOfCurrentProcess@?A0x63da581d@@YA?AV?$optional@PAX@std@@K@Z@4P6GJPAX0KKKPAPAX@ZA 100e1d80     customization_session.obj
 0004:00002d84       ?pGetProcessMitigationPolicy@?1??CurrentProcessHasMitigationPolicy@?A0x63da581d@@YA_NXZ@4P6GHPAXW4_PROCESS_MITIGATION_POLICY@@0K@ZA 100e1d84     customization_session.obj
 0004:00002d88       ?static_init_once_storage_@?3??GetInstance@CustomizationSession@@CAAAV?$optional@VCustomizationSession@@@std@@XZ@4PADA 100e1d88     customization_session.obj
 0004:00002e38       ?get_proc_address_once_module_@?1???R<lambda_1>@?N@??PathFromStorage@?A0x7539b29f@@YA?AVpath@filesystem@std@@ABVPortableSettings@@PB_WABV456@@Z@QBE@XZ@4PAUHINSTANCE__@@A 100e1e38     storage_manager.obj
 0004:00002e3c       ?$TSS0@?1???R<lambda_1>@?N@??PathFromStorage@?A0x7539b29f@@YA?AVpath@filesystem@std@@ABVPortableSettings@@PB_WABV456@@Z@QBE@XZ@4HA 100e1e3c     storage_manager.obj
 0004:00002e40       ?pSHGetKnownFolderPath@?L@??PathFromStorage@?A0x7539b29f@@YA?AVpath@filesystem@std@@ABVPortableSettings@@PB_WABV345@@Z@4P6GJABU_GUID@@KPAXPAPA_W@ZA 100e1e40     storage_manager.obj
 0004:00002e44       ?get_proc_address_once_module_@?1???R<lambda_2>@?BF@??PathFromStorage@?A0x7539b29f@@YA?AVpath@filesystem@std@@ABVPortableSettings@@PB_WABV456@@Z@QBE@XZ@4PAUHINSTANCE__@@A 100e1e44     storage_manager.obj
 0004:00002e48       ?$TSS0@?1???R<lambda_2>@?BF@??PathFromStorage@?A0x7539b29f@@YA?AVpath@filesystem@std@@ABVPortableSettings@@PB_WABV456@@Z@QBE@XZ@4HA 100e1e48     storage_manager.obj
 0004:00002e4c       ?pCoTaskMemFree@?BA@??PathFromStorage@?A0x7539b29f@@YA?AVpath@filesystem@std@@ABVPortableSettings@@PB_WABV345@@Z@4P6GXPAX@ZA 100e1e4c     storage_manager.obj
 0004:00002e50       ?static_init_once_storage_@?3??GetInstance@StorageManager@@SAAAV2@XZ@4PADA 100e1e50     storage_manager.obj
 0004:00002e8c       ?get_proc_address_once_module_@?1???R<lambda_1>@?3??MySysFreeString@@YAXPA_W@Z@QBE@XZ@4PAUHINSTANCE__@@A 100e1e8c     symbol_enum.obj
 0004:00002e90       ?$TSS0@?1???R<lambda_1>@?3??MySysFreeString@@YAXPA_W@Z@QBE@XZ@4HA 100e1e90     symbol_enum.obj
 0004:00002e94       ?pSysFreeString@?1??MySysFreeString@@YAXPA_W@Z@4P6GX0@ZA 100e1e94     symbol_enum.obj
 0005:00000000       ?function_pointers@@3PAPAXA 100e2000     libucrt:winapi_thunks.obj
 0006:00000060       $R000000                   100e3060     rsrc.res
